 canvas

 Timestamp is 5a2d6067 (Sun Dec 10 17:27:19 2017)

 Preferred load address is 0000000180000000

 Start         Length     Name                   Class
 0001:00000000 000001b0H .text$di                CODE
 0001:000001b0 00032950H .text$mn                CODE
 0001:00032b00 000002a0H .text$mn$00             CODE
 0001:00032da0 000009c0H .text$x                 CODE
 0001:00033760 0000021cH .text$yd                CODE
 0002:00000000 000008c0H .idata$5                DATA
 0002:000008c0 00000020H .00cfg                  DATA
 0002:000008e0 00000008H .CRT$XCA                DATA
 0002:000008e8 00000018H .CRT$XCC                DATA
 0002:00000900 00000010H .CRT$XCL                DATA
 0002:00000910 00000058H .CRT$XCU                DATA
 0002:00000968 00000008H .CRT$XCZ                DATA
 0002:00000970 00000008H .CRT$XIA                DATA
 0002:00000978 00000030H .CRT$XIC                DATA
 0002:000009a8 00000008H .CRT$XIZ                DATA
 0002:000009b0 00000008H .CRT$XLA                DATA
 0002:000009b8 00000008H .CRT$XLZ                DATA
 0002:000009c0 00000008H .CRT$XPA                DATA
 0002:000009c8 00000010H .CRT$XPX                DATA
 0002:000009d8 00000008H .CRT$XPXA               DATA
 0002:000009e0 00000008H .CRT$XPZ                DATA
 0002:000009e8 00000008H .CRT$XTA                DATA
 0002:000009f0 00000010H .CRT$XTZ                DATA
 0002:000009f8 00000000H .gfids$y                DATA
 0002:00000a00 000120a8H .rdata                  DATA
 0002:00012aa8 00000028H .rdata$T                DATA
 0002:00012ad0 0000037cH .rdata$r                DATA
 0002:00012e4c 0000048cH .rdata$zzzdbg           DATA
 0002:000132d8 00000008H .rtc$IAA                DATA
 0002:000132e0 00000008H .rtc$IZZ                DATA
 0002:000132e8 00000008H .rtc$TAA                DATA
 0002:000132f0 00000008H .rtc$TZZ                DATA
 0002:000132f8 00000004H .tls                    DATA
 0002:000132fc 00000004H .tls$                   DATA
 0002:00013300 00000010H .tls$ZZZ                DATA
 0002:00013310 000033e0H .xdata                  DATA
 0002:000166f0 000001dcH .xdata$x                DATA
 0002:000168cc 00000020H .didat$2                DATA
 0002:000168ec 00000024H .didat$3                DATA
 0002:00016910 00000320H .didat$4                DATA
 0002:00016c30 00001930H .didat$6                DATA
 0002:00018560 00000320H .didat$7                DATA
 0002:00018880 00000050H .edata                  DATA
 0002:000188d0 000000c8H .idata$2                DATA
 0002:00018998 00000018H .idata$3                DATA
 0002:000189b0 000008c0H .idata$4                DATA
 0002:00019270 00001694H .idata$6                DATA
 0003:00000000 00000b80H .data                   DATA
 0003:00000b80 00000118H .data$r                 DATA
 0003:00000c98 00000328H .didat$5                DATA
 0003:00000fc0 000018a4H .bss                    DATA
 0004:00000000 000028b0H .pdata                  DATA
 0005:00000000 00000060H .rsrc$01                DATA
 0005:00000060 00000180H .rsrc$02                DATA

  Address         Publics by Value              Rva+Base               Lib:Object

 0000:00000000       __guard_iat_table          0000000000000000     <absolute>
 0000:00000000       __dynamic_value_reloc_table 0000000000000000     <absolute>
 0000:00000000       __hybrid_code_map          0000000000000000     <absolute>
 0000:00000000       __hybrid_code_map_count    0000000000000000     <absolute>
 0000:00000000       __guard_iat_count          0000000000000000     <absolute>
 0000:00000000       __hybrid_auxiliary_iat     0000000000000000     <absolute>
 0000:00000000       __guard_longjmp_table      0000000000000000     <absolute>
 0000:00000000       __guard_longjmp_count      0000000000000000     <absolute>
 0000:00000000       __guard_fids_count         0000000000000000     <absolute>
 0000:00000000       __enclave_config           0000000000000000     <absolute>
 0000:00000000       ___safe_se_handler_table   0000000000000000     <absolute>
 0000:00000000       ___safe_se_handler_count   0000000000000000     <absolute>
 0000:00000000       __guard_fids_table         0000000000000000     <absolute>
 0000:00000100       __guard_flags              0000000000000100     <absolute>
 0000:00000000       __ImageBase                0000000180000000     <linker-defined>
 0001:000001b0       ??1ObjectWrap@Nan@@UEAA@XZ 00000001800011b0 f i Backend.obj
 0001:00000230       ?Ref@ObjectWrap@Nan@@MEAAXXZ 0000000180001230 f i Backend.obj
 0001:00000270       ?Unref@ObjectWrap@Nan@@MEAAXXZ 0000000180001270 f i Backend.obj
 0001:00000320       ?WeakCallback@ObjectWrap@Nan@@CAXAEBV?$WeakCallbackInfo@VObjectWrap@Nan@@@v8@@@Z 0000000180001320 f i Backend.obj
 0001:000003b0       ??_EObjectWrap@Nan@@UEAAPEAXI@Z 00000001800013b0 f i * CIL library *:* CIL module *
 0001:000003b0       ??_GObjectWrap@Nan@@UEAAPEAXI@Z 00000001800013b0 f i Backend.obj
 0001:000003f0       ?getFormat@Backend@@UEAA?AW4_cairo_format@@XZ 00000001800013f0 f i Backend.obj
 0001:00000400       ??0Backend@@IEAA@V?$basic_string@DU?$char_traits@D@std@@V?$allocator@D@2@@std@@HH@Z 0000000180001400 f   Backend.obj
 0001:000004f0       ??_GBackend@@UEAAPEAXI@Z   00000001800014f0 f i Backend.obj
 0001:000004f0       ??_EBackend@@UEAAPEAXI@Z   00000001800014f0 f i * CIL library *:* CIL module *
 0001:00000530       ??1Backend@@UEAA@XZ        0000000180001530 f   Backend.obj
 0001:000005c0       ?recreateSurface@Backend@@UEAAPEAU_cairo_surface@@XZ 00000001800015c0 f   Backend.obj
 0001:000005f0       ?setWidth@Backend@@UEAAXH@Z 00000001800015f0 f   Backend.obj
 0001:00000600       ?setHeight@Backend@@UEAAXH@Z 0000000180001600 f   Backend.obj
 0001:00000610       ??1?$basic_string@DU?$char_traits@D@std@@V?$allocator@D@2@@std@@QEAA@XZ 0000000180001610 f i Backend.obj
 0001:00000680       ??0?$basic_string@DU?$char_traits@D@std@@V?$allocator@D@2@@std@@QEAA@AEBV01@@Z 0000000180001680 f i Backend.obj
 0001:00000760       ?assign@?$basic_string@DU?$char_traits@D@std@@V?$allocator@D@2@@std@@QEAAAEAV12@QEBD_K@Z 0000000180001760 f i Backend.obj
 0001:000008d0       ?_Xlen@?$basic_string@DU?$char_traits@D@std@@V?$allocator@D@2@@std@@SAXXZ 00000001800018d0 f i Backend.obj
 0001:000009c0       ?New@?$Factory@VFunctionTemplate@v8@@@imp@Nan@@SA?AV?$Local@VFunctionTemplate@v8@@@v8@@P6AXAEBV?$FunctionCallbackInfo@VValue@v8@@@3@@ZV?$Local@VValue@v8@@@5@V?$Local@VSignature@v8@@@5@@Z 00000001800019c0 f i ImageBackend.obj
 0001:00000b80       ?AdjustExternalMemory@Nan@@YAHH@Z 0000000180001b80 f i ImageBackend.obj
 0001:00000c00       ??1HandleScope@Nan@@QEAA@XZ 0000000180001c00 f i ImageBackend.obj
 0001:00000c00       ??1EscapableHandleScope@Nan@@QEAA@XZ 0000000180001c00 f i Canvas.obj
 0001:00000c10       ?Wrap@ObjectWrap@Nan@@IEAAXV?$Local@VObject@v8@@@v8@@@Z 0000000180001c10 f i ImageBackend.obj
 0001:00000cf0       ??0ImageBackend@@QEAA@HH@Z 0000000180001cf0 f   ImageBackend.obj
 0001:00000d70       ??_EImageBackend@@UEAAPEAXI@Z 0000000180001d70 f i * CIL library *:* CIL module *
 0001:00000d70       ??_GImageBackend@@UEAAPEAXI@Z 0000000180001d70 f i ImageBackend.obj
 0001:00000e10       ?createSurface@ImageBackend@@EEAAPEAU_cairo_surface@@XZ 0000000180001e10 f   ImageBackend.obj
 0001:00000eb0       ?recreateSurface@ImageBackend@@EEAAPEAU_cairo_surface@@XZ 0000000180001eb0 f   ImageBackend.obj
 0001:00001000       ?getFormat@ImageBackend@@UEAA?AW4_cairo_format@@XZ 0000000180002000 f   ImageBackend.obj
 0001:00001010       ?New@ImageBackend@@SAXAEBV?$FunctionCallbackInfo@VValue@v8@@@Nan@@@Z 0000000180002010 f   ImageBackend.obj
 0001:00001130       ??0PdfBackend@@QEAA@HH@Z   0000000180002130 f   PdfBackend.obj
 0001:00001240       ??_EPdfBackend@@UEAAPEAXI@Z 0000000180002240 f i * CIL library *:* CIL module *
 0001:00001240       ??_GPdfBackend@@UEAAPEAXI@Z 0000000180002240 f i PdfBackend.obj
 0001:000012f0       ?createSurface@PdfBackend@@EEAAPEAU_cairo_surface@@XZ 00000001800022f0 f   PdfBackend.obj
 0001:00001380       ?recreateSurface@PdfBackend@@EEAAPEAU_cairo_surface@@XZ 0000000180002380 f   PdfBackend.obj
 0001:000013b0       ?New@PdfBackend@@SAXAEBV?$FunctionCallbackInfo@VValue@v8@@@Nan@@@Z 00000001800023b0 f   PdfBackend.obj
 0001:000014d0       ??0SvgBackend@@QEAA@HH@Z   00000001800024d0 f   SvgBackend.obj
 0001:00001580       ??_ESvgBackend@@UEAAPEAXI@Z 0000000180002580 f i * CIL library *:* CIL module *
 0001:00001580       ??_GSvgBackend@@UEAAPEAXI@Z 0000000180002580 f i SvgBackend.obj
 0001:00001630       ?createSurface@SvgBackend@@EEAAPEAU_cairo_surface@@XZ 0000000180002630 f   SvgBackend.obj
 0001:000016c0       ?recreateSurface@SvgBackend@@EEAAPEAU_cairo_surface@@XZ 00000001800026c0 f   SvgBackend.obj
 0001:00001710       ?New@SvgBackend@@SAXAEBV?$FunctionCallbackInfo@VValue@v8@@@Nan@@@Z 0000000180002710 f   SvgBackend.obj
 0001:00001830       ?Initialize@Backends@@SAXV?$Local@VObject@v8@@@v8@@@Z 0000000180002830 f   Backends.obj
 0001:00001e00       ?ThrowError@Nan@@YAXPEBD@Z 0000000180002e00 f i Canvas.obj
 0001:00001ea0       ?ThrowRangeError@Nan@@YAXPEBD@Z 0000000180002ea0 f i Canvas.obj
 0001:00001f40       ?ThrowTypeError@Nan@@YAXPEBD@Z 0000000180002f40 f i Canvas.obj
 0001:00001fe0       ?Call@Callback@Nan@@QEBA?AV?$Local@VValue@v8@@@v8@@HQEAV34@@Z 0000000180002fe0 f i Canvas.obj
 0001:000020f0       ?SetPrototypeMethod@Nan@@YAXV?$Local@VFunctionTemplate@v8@@@v8@@PEBDP6AXAEBV?$FunctionCallbackInfo@VValue@v8@@@1@@Z@Z 00000001800030f0 f i Canvas.obj
 0001:000021e0       ?SetProtoAccessor@@YAXV?$Local@VObjectTemplate@v8@@@v8@@V?$Local@VString@v8@@@2@P6AX1AEBV?$PropertyCallbackInfo@VValue@v8@@@Nan@@@ZP6AX1V?$Local@VValue@v8@@@2@AEBV?$PropertyCallbackInfo@X@5@@ZV?$Local@VFunctionTemplate@v8@@@2@@Z 00000001800031e0 f i Canvas.obj
 0001:000023a0       ?init_closure_destination@@YAXPEAUjpeg_compress_struct@@@Z 00000001800033a0 f   Canvas.obj
 0001:000023a0       _guard_check_icall_nop     00000001800033a0 f   LIBCMT:guard_support.obj
 0001:000023a0       ?stream_pdf_free@@YAXPEADPEAX@Z 00000001800033a0 f   Canvas.obj
 0001:00002550       ?setjmp_wrapper@@YA_NPEAUpng_struct_def@@@Z 0000000180003550 f   Canvas.obj
 0001:00002a30       ?empty_closure_output_buffer@@YAEPEAUjpeg_compress_struct@@@Z 0000000180003a30 f   Canvas.obj
 0001:00002b80       ?term_closure_destination@@YAXPEAUjpeg_compress_struct@@@Z 0000000180003b80 f   Canvas.obj
 0001:00002d30       ?write_to_jpeg_stream@@YAXPEAU_cairo_surface@@HH_NPEAUclosure_t@@@Z 0000000180003d30 f   Canvas.obj
 0001:00002f30       ?Initialize@Canvas@@SAXV?$Local@VObject@v8@@@v8@@@Z 0000000180003f30 f   Canvas.obj
 0001:00003920       ?New@Canvas@@SAXAEBV?$FunctionCallbackInfo@VValue@v8@@@Nan@@@Z 0000000180004920 f   Canvas.obj
 0001:00003d10       ?GetType@Canvas@@SAXV?$Local@VString@v8@@@v8@@AEBV?$PropertyCallbackInfo@VValue@v8@@@Nan@@@Z 0000000180004d10 f   Canvas.obj
 0001:00003d90       ?GetStride@Canvas@@SAXV?$Local@VString@v8@@@v8@@AEBV?$PropertyCallbackInfo@VValue@v8@@@Nan@@@Z 0000000180004d90 f   Canvas.obj
 0001:00003e30       ?GetWidth@Canvas@@SAXV?$Local@VString@v8@@@v8@@AEBV?$PropertyCallbackInfo@VValue@v8@@@Nan@@@Z 0000000180004e30 f   Canvas.obj
 0001:00003eb0       ?SetWidth@Canvas@@SAXV?$Local@VString@v8@@@v8@@V?$Local@VValue@v8@@@3@AEBV?$PropertyCallbackInfo@X@Nan@@@Z 0000000180004eb0 f   Canvas.obj
 0001:00003f40       ?GetHeight@Canvas@@SAXV?$Local@VString@v8@@@v8@@AEBV?$PropertyCallbackInfo@VValue@v8@@@Nan@@@Z 0000000180004f40 f   Canvas.obj
 0001:00003fc0       ?SetHeight@Canvas@@SAXV?$Local@VString@v8@@@v8@@V?$Local@VValue@v8@@@3@AEBV?$PropertyCallbackInfo@X@Nan@@@Z 0000000180004fc0 f   Canvas.obj
 0001:00004050       ?ToBufferAsync@Canvas@@SAXPEAUuv_work_s@@@Z 0000000180005050 f   Canvas.obj
 0001:000040d0       ?ToBufferAsyncAfter@Canvas@@SAXPEAUuv_work_s@@@Z 00000001800050d0 f   Canvas.obj
 0001:00004330       ?ToBuffer@Canvas@@SAXAEBV?$FunctionCallbackInfo@VValue@v8@@@Nan@@@Z 0000000180005330 f   Canvas.obj
 0001:00004e00       ??1TryCatch@Nan@@QEAA@XZ   0000000180005e00 f i Canvas.obj
 0001:00004f80       ?StreamPNGSync@Canvas@@SAXAEBV?$FunctionCallbackInfo@VValue@v8@@@Nan@@@Z 0000000180005f80 f   Canvas.obj
 0001:00005630       ?StreamPDFSync@Canvas@@SAXAEBV?$FunctionCallbackInfo@VValue@v8@@@Nan@@@Z 0000000180006630 f   Canvas.obj
 0001:00005b30       ?StreamJPEGSync@Canvas@@SAXAEBV?$FunctionCallbackInfo@VValue@v8@@@Nan@@@Z 0000000180006b30 f   Canvas.obj
 0001:00005d80       ?RegisterFont@Canvas@@SAXAEBV?$FunctionCallbackInfo@VValue@v8@@@Nan@@@Z 0000000180006d80 f   Canvas.obj
 0001:000061d0       ??_GCanvas@@EEAAPEAXI@Z    00000001800071d0 f i Canvas.obj
 0001:000061d0       ??_ECanvas@@EEAAPEAXI@Z    00000001800071d0 f i * CIL library *:* CIL module *
 0001:00006230       ?GetStyleFromCSSString@Canvas@@SA?AW4PangoStyle@@PEBD@Z 0000000180007230 f   Canvas.obj
 0001:000062c0       ?GetWeightFromCSSString@Canvas@@SA?AW4PangoWeight@@PEBD@Z 00000001800072c0 f   Canvas.obj
 0001:000064d0       ?ResolveFontDescription@Canvas@@SAPEAU_PangoFontDescription@@PEBU2@@Z 00000001800074d0 f   Canvas.obj
 0001:00006700       ?resurface@Canvas@@QEAAXV?$Local@VObject@v8@@@v8@@@Z 0000000180007700 f   Canvas.obj
 0001:00006820       ??0?$TypedArrayContents@E@Nan@@QEAA@V?$Local@VValue@v8@@@v8@@@Z 0000000180007820 f i Canvas.obj
 0001:000068e0       ??$emplace_back@AEBVFontFace@@@?$vector@VFontFace@@V?$allocator@VFontFace@@@std@@@std@@QEAAXAEBVFontFace@@@Z 00000001800078e0 f i Canvas.obj
 0001:00006ab0       ??1?$vector@VFontFace@@V?$allocator@VFontFace@@@std@@@std@@QEAA@XZ 0000000180007ab0 f i Canvas.obj
 0001:00006b30       ?_Xlength@?$vector@NV?$allocator@N@std@@@std@@CAXXZ 0000000180007b30 f i CanvasRenderingContext2d.obj
 0001:00006b30       ?_Xlength@?$vector@VFontFace@@V?$allocator@VFontFace@@@std@@@std@@CAXXZ 0000000180007b30 f i Canvas.obj
 0001:00006b50       ??$New@VString@v8@@V?$basic_string@DU?$char_traits@D@std@@V?$allocator@D@2@@std@@@Nan@@YA?AV?$MaybeLocal@VString@v8@@@v8@@V?$basic_string@DU?$char_traits@D@std@@V?$allocator@D@2@@std@@@Z 0000000180007b50 f i Canvas.obj
 0001:00006c50       ??$New@VUint32@v8@@H@Nan@@YA?AV?$Local@VUint32@v8@@@v8@@H@Z 0000000180007c50 f i Canvas.obj
 0001:00006d00       ??$Unwrap@VGradient@@@ObjectWrap@Nan@@SAPEAVGradient@@V?$Local@VObject@v8@@@v8@@@Z 0000000180007d00 f i CanvasGradient.obj
 0001:00006d00       ??$Unwrap@VImage@@@ObjectWrap@Nan@@SAPEAVImage@@V?$Local@VObject@v8@@@v8@@@Z 0000000180007d00 f i CanvasPattern.obj
 0001:00006d00       ??$Unwrap@VContext2d@@@ObjectWrap@Nan@@SAPEAVContext2d@@V?$Local@VObject@v8@@@v8@@@Z 0000000180007d00 f i Canvas.obj
 0001:00006d00       ??$Unwrap@VImageData@@@ObjectWrap@Nan@@SAPEAVImageData@@V?$Local@VObject@v8@@@v8@@@Z 0000000180007d00 f i CanvasRenderingContext2d.obj
 0001:00006d00       ??$Unwrap@VPattern@@@ObjectWrap@Nan@@SAPEAVPattern@@V?$Local@VObject@v8@@@v8@@@Z 0000000180007d00 f i CanvasRenderingContext2d.obj
 0001:00006d00       ??$Unwrap@VCanvas@@@ObjectWrap@Nan@@SAPEAVCanvas@@V?$Local@VObject@v8@@@v8@@@Z 0000000180007d00 f i Canvas.obj
 0001:00006d80       ?Initialize@Gradient@@SAXV?$Local@VObject@v8@@@v8@@@Z 0000000180007d80 f   CanvasGradient.obj
 0001:00006fd0       ?New@Gradient@@SAXAEBV?$FunctionCallbackInfo@VValue@v8@@@Nan@@@Z 0000000180007fd0 f   CanvasGradient.obj
 0001:000072e0       ?AddColorStop@Gradient@@SAXAEBV?$FunctionCallbackInfo@VValue@v8@@@Nan@@@Z 00000001800082e0 f   CanvasGradient.obj
 0001:000074e0       ??_EGradient@@EEAAPEAXI@Z  00000001800084e0 f i * CIL library *:* CIL module *
 0001:000074e0       ??_GGradient@@EEAAPEAXI@Z  00000001800084e0 f i CanvasGradient.obj
 0001:000074e0       ??_GPattern@@EEAAPEAXI@Z   00000001800084e0 f i CanvasPattern.obj
 0001:000074e0       ??_EPattern@@EEAAPEAXI@Z   00000001800084e0 f i * CIL library *:* CIL module *
 0001:00007530       ?Initialize@Pattern@@SAXV?$Local@VObject@v8@@@v8@@@Z 0000000180008530 f   CanvasPattern.obj
 0001:00007720       ?New@Pattern@@SAXAEBV?$FunctionCallbackInfo@VValue@v8@@@Nan@@@Z 0000000180008720 f   CanvasPattern.obj
 0001:00007900       ?Initialize@Context2d@@SAXV?$Local@VObject@v8@@@v8@@@Z 0000000180008900 f   CanvasRenderingContext2d.obj
 0001:00008520       ??_GContext2d@@EEAAPEAXI@Z 0000000180009520 f i CanvasRenderingContext2d.obj
 0001:00008520       ??_EContext2d@@EEAAPEAXI@Z 0000000180009520 f i * CIL library *:* CIL module *
 0001:000085c0       ?savePath@Context2d@@QEAAXXZ 00000001800095c0 f   CanvasRenderingContext2d.obj
 0001:000085f0       ?restorePath@Context2d@@QEAAXXZ 00000001800095f0 f   CanvasRenderingContext2d.obj
 0001:00008630       ?setFillRule@Context2d@@QEAAXV?$Local@VValue@v8@@@v8@@@Z 0000000180009630 f i CanvasRenderingContext2d.obj
 0001:000086d0       ?fill@Context2d@@QEAAX_N@Z 00000001800096d0 f   CanvasRenderingContext2d.obj
 0001:00008860       ?stroke@Context2d@@QEAAX_N@Z 0000000180009860 f   CanvasRenderingContext2d.obj
 0001:000089f0       ?shadow@Context2d@@QEAAXP6AXPEAU_cairo@@@Z@Z 00000001800099f0 f   CanvasRenderingContext2d.obj
 0001:00008db0       ?blur@Context2d@@QEAAXPEAU_cairo_surface@@H@Z 0000000180009db0 f   CanvasRenderingContext2d.obj
 0001:00009340       ?New@Context2d@@SAXAEBV?$FunctionCallbackInfo@VValue@v8@@@Nan@@@Z 000000018000a340 f   CanvasRenderingContext2d.obj
 0001:000098e0       ?GetFormat@Context2d@@SAXV?$Local@VString@v8@@@v8@@AEBV?$PropertyCallbackInfo@VValue@v8@@@Nan@@@Z 000000018000a8e0 f   CanvasRenderingContext2d.obj
 0001:00009ac0       ?AddPage@Context2d@@SAXAEBV?$FunctionCallbackInfo@VValue@v8@@@Nan@@@Z 000000018000aac0 f   CanvasRenderingContext2d.obj
 0001:00009bc0       ?PutImageData@Context2d@@SAXAEBV?$FunctionCallbackInfo@VValue@v8@@@Nan@@@Z 000000018000abc0 f   CanvasRenderingContext2d.obj
 0001:0000a570       ?GetImageData@Context2d@@SAXAEBV?$FunctionCallbackInfo@VValue@v8@@@Nan@@@Z 000000018000b570 f   CanvasRenderingContext2d.obj
 0001:0000af40       ?DrawImage@Context2d@@SAXAEBV?$FunctionCallbackInfo@VValue@v8@@@Nan@@@Z 000000018000bf40 f   CanvasRenderingContext2d.obj
 0001:0000b770       ?GetGlobalAlpha@Context2d@@SAXV?$Local@VString@v8@@@v8@@AEBV?$PropertyCallbackInfo@VValue@v8@@@Nan@@@Z 000000018000c770 f   CanvasRenderingContext2d.obj
 0001:0000b7f0       ?SetGlobalAlpha@Context2d@@SAXV?$Local@VString@v8@@@v8@@V?$Local@VValue@v8@@@3@AEBV?$PropertyCallbackInfo@X@Nan@@@Z 000000018000c7f0 f   CanvasRenderingContext2d.obj
 0001:0000b850       ?GetGlobalCompositeOperation@Context2d@@SAXV?$Local@VString@v8@@@v8@@AEBV?$PropertyCallbackInfo@VValue@v8@@@Nan@@@Z 000000018000c850 f   CanvasRenderingContext2d.obj
 0001:0000bab0       ?SetPatternQuality@Context2d@@SAXV?$Local@VString@v8@@@v8@@V?$Local@VValue@v8@@@3@AEBV?$PropertyCallbackInfo@X@Nan@@@Z 000000018000cab0 f   CanvasRenderingContext2d.obj
 0001:0000bc00       ?GetPatternQuality@Context2d@@SAXV?$Local@VString@v8@@@v8@@AEBV?$PropertyCallbackInfo@VValue@v8@@@Nan@@@Z 000000018000cc00 f   CanvasRenderingContext2d.obj
 0001:0000bcd0       ?SetGlobalCompositeOperation@Context2d@@SAXV?$Local@VString@v8@@@v8@@V?$Local@VValue@v8@@@3@AEBV?$PropertyCallbackInfo@X@Nan@@@Z 000000018000ccd0 f   CanvasRenderingContext2d.obj
 0001:0000c110       ?GetShadowOffsetX@Context2d@@SAXV?$Local@VString@v8@@@v8@@AEBV?$PropertyCallbackInfo@VValue@v8@@@Nan@@@Z 000000018000d110 f   CanvasRenderingContext2d.obj
 0001:0000c190       ?SetShadowOffsetX@Context2d@@SAXV?$Local@VString@v8@@@v8@@V?$Local@VValue@v8@@@3@AEBV?$PropertyCallbackInfo@X@Nan@@@Z 000000018000d190 f   CanvasRenderingContext2d.obj
 0001:0000c1e0       ?GetShadowOffsetY@Context2d@@SAXV?$Local@VString@v8@@@v8@@AEBV?$PropertyCallbackInfo@VValue@v8@@@Nan@@@Z 000000018000d1e0 f   CanvasRenderingContext2d.obj
 0001:0000c260       ?SetShadowOffsetY@Context2d@@SAXV?$Local@VString@v8@@@v8@@V?$Local@VValue@v8@@@3@AEBV?$PropertyCallbackInfo@X@Nan@@@Z 000000018000d260 f   CanvasRenderingContext2d.obj
 0001:0000c2b0       ?GetShadowBlur@Context2d@@SAXV?$Local@VString@v8@@@v8@@AEBV?$PropertyCallbackInfo@VValue@v8@@@Nan@@@Z 000000018000d2b0 f   CanvasRenderingContext2d.obj
 0001:0000c330       ?SetShadowBlur@Context2d@@SAXV?$Local@VString@v8@@@v8@@V?$Local@VValue@v8@@@3@AEBV?$PropertyCallbackInfo@X@Nan@@@Z 000000018000d330 f   CanvasRenderingContext2d.obj
 0001:0000c380       ?GetAntiAlias@Context2d@@SAXV?$Local@VString@v8@@@v8@@AEBV?$PropertyCallbackInfo@VValue@v8@@@Nan@@@Z 000000018000d380 f   CanvasRenderingContext2d.obj
 0001:0000c450       ?SetAntiAlias@Context2d@@SAXV?$Local@VString@v8@@@v8@@V?$Local@VValue@v8@@@3@AEBV?$PropertyCallbackInfo@X@Nan@@@Z 000000018000d450 f   CanvasRenderingContext2d.obj
 0001:0000c560       ?GetTextDrawingMode@Context2d@@SAXV?$Local@VString@v8@@@v8@@AEBV?$PropertyCallbackInfo@VValue@v8@@@Nan@@@Z 000000018000d560 f   CanvasRenderingContext2d.obj
 0001:0000c620       ?SetTextDrawingMode@Context2d@@SAXV?$Local@VString@v8@@@v8@@V?$Local@VValue@v8@@@3@AEBV?$PropertyCallbackInfo@X@Nan@@@Z 000000018000d620 f   CanvasRenderingContext2d.obj
 0001:0000c6f0       ?GetFilter@Context2d@@SAXV?$Local@VString@v8@@@v8@@AEBV?$PropertyCallbackInfo@VValue@v8@@@Nan@@@Z 000000018000d6f0 f   CanvasRenderingContext2d.obj
 0001:0000c7d0       ?SetFilter@Context2d@@SAXV?$Local@VString@v8@@@v8@@V?$Local@VValue@v8@@@3@AEBV?$PropertyCallbackInfo@X@Nan@@@Z 000000018000d7d0 f   CanvasRenderingContext2d.obj
 0001:0000c8e0       ?GetMiterLimit@Context2d@@SAXV?$Local@VString@v8@@@v8@@AEBV?$PropertyCallbackInfo@VValue@v8@@@Nan@@@Z 000000018000d8e0 f   CanvasRenderingContext2d.obj
 0001:0000c960       ?SetMiterLimit@Context2d@@SAXV?$Local@VString@v8@@@v8@@V?$Local@VValue@v8@@@3@AEBV?$PropertyCallbackInfo@X@Nan@@@Z 000000018000d960 f   CanvasRenderingContext2d.obj
 0001:0000c9b0       ?GetLineWidth@Context2d@@SAXV?$Local@VString@v8@@@v8@@AEBV?$PropertyCallbackInfo@VValue@v8@@@Nan@@@Z 000000018000d9b0 f   CanvasRenderingContext2d.obj
 0001:0000ca30       ?SetLineWidth@Context2d@@SAXV?$Local@VString@v8@@@v8@@V?$Local@VValue@v8@@@3@AEBV?$PropertyCallbackInfo@X@Nan@@@Z 000000018000da30 f   CanvasRenderingContext2d.obj
 0001:0000ca90       ?GetLineJoin@Context2d@@SAXV?$Local@VString@v8@@@v8@@AEBV?$PropertyCallbackInfo@VValue@v8@@@Nan@@@Z 000000018000da90 f   CanvasRenderingContext2d.obj
 0001:0000cb50       ?SetLineJoin@Context2d@@SAXV?$Local@VString@v8@@@v8@@V?$Local@VValue@v8@@@3@AEBV?$PropertyCallbackInfo@X@Nan@@@Z 000000018000db50 f   CanvasRenderingContext2d.obj
 0001:0000cc00       ?GetLineCap@Context2d@@SAXV?$Local@VString@v8@@@v8@@AEBV?$PropertyCallbackInfo@VValue@v8@@@Nan@@@Z 000000018000dc00 f   CanvasRenderingContext2d.obj
 0001:0000ccc0       ?SetLineCap@Context2d@@SAXV?$Local@VString@v8@@@v8@@V?$Local@VValue@v8@@@3@AEBV?$PropertyCallbackInfo@X@Nan@@@Z 000000018000dcc0 f   CanvasRenderingContext2d.obj
 0001:0000cd70       ?IsPointInPath@Context2d@@SAXAEBV?$FunctionCallbackInfo@VValue@v8@@@Nan@@@Z 000000018000dd70 f   CanvasRenderingContext2d.obj
 0001:0000cf20       ?SetFillPattern@Context2d@@SAXAEBV?$FunctionCallbackInfo@VValue@v8@@@Nan@@@Z 000000018000df20 f   CanvasRenderingContext2d.obj
 0001:0000d060       ?SetStrokePattern@Context2d@@SAXAEBV?$FunctionCallbackInfo@VValue@v8@@@Nan@@@Z 000000018000e060 f   CanvasRenderingContext2d.obj
 0001:0000d1a0       ?SetShadowColor@Context2d@@SAXV?$Local@VString@v8@@@v8@@V?$Local@VValue@v8@@@3@AEBV?$PropertyCallbackInfo@X@Nan@@@Z 000000018000e1a0 f   CanvasRenderingContext2d.obj
 0001:0000d2a0       ?GetShadowColor@Context2d@@SAXV?$Local@VString@v8@@@v8@@AEBV?$PropertyCallbackInfo@VValue@v8@@@Nan@@@Z 000000018000e2a0 f   CanvasRenderingContext2d.obj
 0001:0000d420       ?SetFillColor@Context2d@@SAXAEBV?$FunctionCallbackInfo@VValue@v8@@@Nan@@@Z 000000018000e420 f   CanvasRenderingContext2d.obj
 0001:0000d570       ?GetFillColor@Context2d@@SAXV?$Local@VString@v8@@@v8@@AEBV?$PropertyCallbackInfo@VValue@v8@@@Nan@@@Z 000000018000e570 f   CanvasRenderingContext2d.obj
 0001:0000d6f0       ?SetStrokeColor@Context2d@@SAXAEBV?$FunctionCallbackInfo@VValue@v8@@@Nan@@@Z 000000018000e6f0 f   CanvasRenderingContext2d.obj
 0001:0000d840       ?GetStrokeColor@Context2d@@SAXV?$Local@VString@v8@@@v8@@AEBV?$PropertyCallbackInfo@VValue@v8@@@Nan@@@Z 000000018000e840 f   CanvasRenderingContext2d.obj
 0001:0000d9c0       ?BezierCurveTo@Context2d@@SAXAEBV?$FunctionCallbackInfo@VValue@v8@@@Nan@@@Z 000000018000e9c0 f   CanvasRenderingContext2d.obj
 0001:0000dc90       ?QuadraticCurveTo@Context2d@@SAXAEBV?$FunctionCallbackInfo@VValue@v8@@@Nan@@@Z 000000018000ec90 f   CanvasRenderingContext2d.obj
 0001:0000df10       ?Save@Context2d@@SAXAEBV?$FunctionCallbackInfo@VValue@v8@@@Nan@@@Z 000000018000ef10 f   CanvasRenderingContext2d.obj
 0001:0000e030       ?Restore@Context2d@@SAXAEBV?$FunctionCallbackInfo@VValue@v8@@@Nan@@@Z 000000018000f030 f   CanvasRenderingContext2d.obj
 0001:0000e0d0       ?BeginPath@Context2d@@SAXAEBV?$FunctionCallbackInfo@VValue@v8@@@Nan@@@Z 000000018000f0d0 f   CanvasRenderingContext2d.obj
 0001:0000e100       ?ClosePath@Context2d@@SAXAEBV?$FunctionCallbackInfo@VValue@v8@@@Nan@@@Z 000000018000f100 f   CanvasRenderingContext2d.obj
 0001:0000e130       ?Rotate@Context2d@@SAXAEBV?$FunctionCallbackInfo@VValue@v8@@@Nan@@@Z 000000018000f130 f   CanvasRenderingContext2d.obj
 0001:0000e1c0       ?Transform@Context2d@@SAXAEBV?$FunctionCallbackInfo@VValue@v8@@@Nan@@@Z 000000018000f1c0 f   CanvasRenderingContext2d.obj
 0001:0000e4b0       ?ResetTransform@Context2d@@SAXAEBV?$FunctionCallbackInfo@VValue@v8@@@Nan@@@Z 000000018000f4b0 f   CanvasRenderingContext2d.obj
 0001:0000e4e0       ?GetMatrix@Context2d@@SAXAEBV?$FunctionCallbackInfo@VValue@v8@@@Nan@@@Z 000000018000f4e0 f   CanvasRenderingContext2d.obj
 0001:0000e650       ?Translate@Context2d@@SAXAEBV?$FunctionCallbackInfo@VValue@v8@@@Nan@@@Z 000000018000f650 f   CanvasRenderingContext2d.obj
 0001:0000e750       ?Scale@Context2d@@SAXAEBV?$FunctionCallbackInfo@VValue@v8@@@Nan@@@Z 000000018000f750 f   CanvasRenderingContext2d.obj
 0001:0000e850       ?Clip@Context2d@@SAXAEBV?$FunctionCallbackInfo@VValue@v8@@@Nan@@@Z 000000018000f850 f   CanvasRenderingContext2d.obj
 0001:0000e8b0       ?Fill@Context2d@@SAXAEBV?$FunctionCallbackInfo@VValue@v8@@@Nan@@@Z 000000018000f8b0 f   CanvasRenderingContext2d.obj
 0001:0000e910       ?Stroke@Context2d@@SAXAEBV?$FunctionCallbackInfo@VValue@v8@@@Nan@@@Z 000000018000f910 f   CanvasRenderingContext2d.obj
 0001:0000e940       ?get_text_scale@@YANPEAVContext2d@@PEADN@Z 000000018000f940 f   CanvasRenderingContext2d.obj
 0001:0000e9b0       ?FillText@Context2d@@SAXAEBV?$FunctionCallbackInfo@VValue@v8@@@Nan@@@Z 000000018000f9b0 f   CanvasRenderingContext2d.obj
 0001:0000ec40       ?StrokeText@Context2d@@SAXAEBV?$FunctionCallbackInfo@VValue@v8@@@Nan@@@Z 000000018000fc40 f   CanvasRenderingContext2d.obj
 0001:0000eed0       ?getBaselineAdjustment@@YANPEAU_PangoLayout@@F@Z 000000018000fed0 f i CanvasRenderingContext2d.obj
 0001:0000ef80       ?setTextPath@Context2d@@QEAAXPEBDNN@Z 000000018000ff80 f   CanvasRenderingContext2d.obj
 0001:0000f0c0       ?LineTo@Context2d@@SAXAEBV?$FunctionCallbackInfo@VValue@v8@@@Nan@@@Z 00000001800100c0 f   CanvasRenderingContext2d.obj
 0001:0000f1c0       ?MoveTo@Context2d@@SAXAEBV?$FunctionCallbackInfo@VValue@v8@@@Nan@@@Z 00000001800101c0 f   CanvasRenderingContext2d.obj
 0001:0000f2c0       ?SetFont@Context2d@@SAXAEBV?$FunctionCallbackInfo@VValue@v8@@@Nan@@@Z 00000001800102c0 f   CanvasRenderingContext2d.obj
 0001:0000f610       ?MeasureText@Context2d@@SAXAEBV?$FunctionCallbackInfo@VValue@v8@@@Nan@@@Z 0000000180010610 f   CanvasRenderingContext2d.obj
 0001:0000fc70       ?SetTextBaseline@Context2d@@SAXAEBV?$FunctionCallbackInfo@VValue@v8@@@Nan@@@Z 0000000180010c70 f   CanvasRenderingContext2d.obj
 0001:0000fcf0       ?SetTextAlignment@Context2d@@SAXAEBV?$FunctionCallbackInfo@VValue@v8@@@Nan@@@Z 0000000180010cf0 f   CanvasRenderingContext2d.obj
 0001:0000fd70       ?SetLineDash@Context2d@@SAXAEBV?$FunctionCallbackInfo@VValue@v8@@@Nan@@@Z 0000000180010d70 f   CanvasRenderingContext2d.obj
 0001:0000ffd0       ?GetLineDash@Context2d@@SAXAEBV?$FunctionCallbackInfo@VValue@v8@@@Nan@@@Z 0000000180010fd0 f   CanvasRenderingContext2d.obj
 0001:000101f0       ?SetLineDashOffset@Context2d@@SAXV?$Local@VString@v8@@@v8@@V?$Local@VValue@v8@@@3@AEBV?$PropertyCallbackInfo@X@Nan@@@Z 00000001800111f0 f   CanvasRenderingContext2d.obj
 0001:00010370       ?GetLineDashOffset@Context2d@@SAXV?$Local@VString@v8@@@v8@@AEBV?$PropertyCallbackInfo@VValue@v8@@@Nan@@@Z 0000000180011370 f   CanvasRenderingContext2d.obj
 0001:00010400       ?FillRect@Context2d@@SAXAEBV?$FunctionCallbackInfo@VValue@v8@@@Nan@@@Z 0000000180011400 f   CanvasRenderingContext2d.obj
 0001:00010600       ?StrokeRect@Context2d@@SAXAEBV?$FunctionCallbackInfo@VValue@v8@@@Nan@@@Z 0000000180011600 f   CanvasRenderingContext2d.obj
 0001:00010800       ?ClearRect@Context2d@@SAXAEBV?$FunctionCallbackInfo@VValue@v8@@@Nan@@@Z 0000000180011800 f   CanvasRenderingContext2d.obj
 0001:00010a20       ?Rect@Context2d@@SAXAEBV?$FunctionCallbackInfo@VValue@v8@@@Nan@@@Z 0000000180011a20 f   CanvasRenderingContext2d.obj
 0001:00010c40       ?Arc@Context2d@@SAXAEBV?$FunctionCallbackInfo@VValue@v8@@@Nan@@@Z 0000000180011c40 f   CanvasRenderingContext2d.obj
 0001:00010fe0       ?ArcTo@Context2d@@SAXAEBV?$FunctionCallbackInfo@VValue@v8@@@Nan@@@Z 0000000180011fe0 f   CanvasRenderingContext2d.obj
 0001:000116a0       ?Ellipse@Context2d@@SAXAEBV?$FunctionCallbackInfo@VValue@v8@@@Nan@@@Z 00000001800126a0 f   CanvasRenderingContext2d.obj
 0001:00011af0       ??1?$vector@NV?$allocator@N@std@@@std@@QEAA@XZ 0000000180012af0 f i CanvasRenderingContext2d.obj
 0001:00011b00       ?_Tidy@?$vector@NV?$allocator@N@std@@@std@@AEAAXXZ 0000000180012b00 f i CanvasRenderingContext2d.obj
 0001:00011b80       ?closure_init@@YA?AW4_cairo_status@@PEAUclosure_t@@PEAVCanvas@@II@Z 0000000180012b80 f   closure.obj
 0001:00011bf0       ?closure_destroy@@YAXPEAUclosure_t@@@Z 0000000180012bf0 f   closure.obj
 0001:00011c20       __local_stdio_printf_options 0000000180012c20 f i color.obj
 0001:00011c30       snprintf                   0000000180012c30 f i color.obj
 0001:00012810       ?rgba_from_string@@YAHPEBDPEAF@Z 0000000180013810 f   color.obj
 0001:00012cf0       ?Initialize@Image@@SAXV?$Local@VObject@v8@@@v8@@@Z 0000000180013cf0 f   Image.obj
 0001:000131b0       ?New@Image@@SAXAEBV?$FunctionCallbackInfo@VValue@v8@@@Nan@@@Z 00000001800141b0 f   Image.obj
 0001:00013340       ?GetComplete@Image@@SAXV?$Local@VString@v8@@@v8@@AEBV?$PropertyCallbackInfo@VValue@v8@@@Nan@@@Z 0000000180014340 f   Image.obj
 0001:000133b0       ?GetDataMode@Image@@SAXV?$Local@VString@v8@@@v8@@AEBV?$PropertyCallbackInfo@VValue@v8@@@Nan@@@Z 00000001800143b0 f   Image.obj
 0001:00013430       ?SetDataMode@Image@@SAXV?$Local@VString@v8@@@v8@@V?$Local@VValue@v8@@@3@AEBV?$PropertyCallbackInfo@X@Nan@@@Z 0000000180014430 f   Image.obj
 0001:00013480       ?GetNaturalWidth@Image@@SAXV?$Local@VString@v8@@@v8@@AEBV?$PropertyCallbackInfo@VValue@v8@@@Nan@@@Z 0000000180014480 f   Image.obj
 0001:00013500       ?GetWidth@Image@@SAXV?$Local@VString@v8@@@v8@@AEBV?$PropertyCallbackInfo@VValue@v8@@@Nan@@@Z 0000000180014500 f   Image.obj
 0001:00013580       ?GetNaturalHeight@Image@@SAXV?$Local@VString@v8@@@v8@@AEBV?$PropertyCallbackInfo@VValue@v8@@@Nan@@@Z 0000000180014580 f   Image.obj
 0001:00013600       ?GetHeight@Image@@SAXV?$Local@VString@v8@@@v8@@AEBV?$PropertyCallbackInfo@VValue@v8@@@Nan@@@Z 0000000180014600 f   Image.obj
 0001:00013680       ?GetSource@Image@@SAXV?$Local@VString@v8@@@v8@@AEBV?$PropertyCallbackInfo@VValue@v8@@@Nan@@@Z 0000000180014680 f   Image.obj
 0001:00013720       ?SetSource@Image@@SAXV?$Local@VString@v8@@@v8@@V?$Local@VValue@v8@@@3@AEBV?$PropertyCallbackInfo@X@Nan@@@Z 0000000180014720 f   Image.obj
 0001:00013b10       ?readPNG@Image@@SA?AW4_cairo_status@@PEAXPEAEI@Z 0000000180014b10 f   Image.obj
 0001:00013b50       ??_EImage@@EEAAPEAXI@Z     0000000180014b50 f i * CIL library *:* CIL module *
 0001:00013b50       ??_GImage@@EEAAPEAXI@Z     0000000180014b50 f i Image.obj
 0001:00013c00       ?loadSurface@Image@@QEAA?AW4_cairo_status@@XZ 0000000180014c00 f   Image.obj
 0001:00013dc0       ?decodeJPEGIntoSurface@Image@@QEAA?AW4_cairo_status@@PEAUjpeg_decompress_struct@@@Z 0000000180014dc0 f   Image.obj
 0001:00013f80       ?decodeJPEGBufferIntoMimeSurface@Image@@QEAA?AW4_cairo_status@@PEAEI@Z 0000000180014f80 f   Image.obj
 0001:000140e0       ?clearMimeData@@YAXPEAX@Z  00000001800150e0 f   Image.obj
 0001:00014110       ?assignDataAsMime@Image@@QEAA?AW4_cairo_status@@PEAEHPEBD@Z 0000000180015110 f   Image.obj
 0001:000141c0       ?loadJPEGFromBuffer@Image@@QEAA?AW4_cairo_status@@PEAEI@Z 00000001800151c0 f   Image.obj
 0001:00014280       ??_GImageData@@UEAAPEAXI@Z 0000000180015280 f i ImageData.obj
 0001:00014280       ??_EImageData@@UEAAPEAXI@Z 0000000180015280 f i * CIL library *:* CIL module *
 0001:000142c0       ?Initialize@ImageData@@SAXV?$Local@VObject@v8@@@v8@@@Z 00000001800152c0 f   ImageData.obj
 0001:00014510       ?New@ImageData@@SAXAEBV?$FunctionCallbackInfo@VValue@v8@@@Nan@@@Z 0000000180015510 f   ImageData.obj
 0001:00014970       ?GetWidth@ImageData@@SAXV?$Local@VString@v8@@@v8@@AEBV?$PropertyCallbackInfo@VValue@v8@@@Nan@@@Z 0000000180015970 f   ImageData.obj
 0001:000149f0       ?GetHeight@ImageData@@SAXV?$Local@VString@v8@@@v8@@AEBV?$PropertyCallbackInfo@VValue@v8@@@Nan@@@Z 00000001800159f0 f   ImageData.obj
 0001:00014a70       ?init@@YAXV?$Local@VObject@v8@@@v8@@@Z 0000000180015a70 f   init.obj
 0001:00014cd0       ?_name_def_compare@@YAHPEBX0@Z 0000000180015cd0 f   register_font.obj
 0001:00014cf0       ?_free_g_list_item@@YAXPEAX0@Z 0000000180015cf0 f   register_font.obj
 0001:00014d00       ?get_family_name@@YAPEADPEAUFT_FaceRec_@@@Z 0000000180015d00 f   register_font.obj
 0001:00014f30       ?get_pango_font_description@@YAPEAU_PangoFontDescription@@PEAE@Z 0000000180015f30 f   register_font.obj
 0001:00015120       ?toBuffer@@YA?AW4_cairo_status@@PEAXPEBEI@Z 0000000180016120 f   toBuffer.obj
 0001:000151ec       __imp_load_?ClearWeak@V8@v8@@CAPEAXPEAPEAVObject@internal@2@@Z 00000001800161ec f   node:node.exe
 0001:000151f8       __tailMerge_node_exe       00000001800161f8     node:node.exe
 0001:00015271       __imp_load_?MakeWeak@V8@v8@@CAXPEAPEAVObject@internal@2@PEAXP6AXAEBV?$WeakCallbackInfo@X@2@@ZW4WeakCallbackType@2@@Z 0000000180016271 f   node:node.exe
 0001:0001527d       __imp_load_?DisposeGlobal@V8@v8@@CAXPEAPEAVObject@internal@2@@Z 000000018001627d f   node:node.exe
 0001:00015289       __imp_load_?Value@External@v8@@QEBAPEAXXZ 0000000180016289 f   node:node.exe
 0001:00015295       __imp_load_?New@External@v8@@SA?AV?$Local@VExternal@v8@@@2@PEAVIsolate@2@PEAX@Z 0000000180016295 f   node:node.exe
 0001:000152a1       __imp_load_?CheckMemoryPressure@Isolate@v8@@AEAAXXZ 00000001800162a1 f   node:node.exe
 0001:000152ad       __imp_load_?ReportExternalAllocationLimitReached@Isolate@v8@@AEAAXXZ 00000001800162ad f   node:node.exe
 0001:000152b9       __imp_load_?GetCurrentContext@Isolate@v8@@QEAA?AV?$Local@VContext@v8@@@2@XZ 00000001800162b9 f   node:node.exe
 0001:000152c5       __imp_load_?GetCurrent@Isolate@v8@@SAPEAV12@XZ 00000001800162c5 f   node:node.exe
 0001:000152d1       __imp_load_?CreateHandle@HandleScope@v8@@KAPEAPEAVObject@internal@2@PEAVIsolate@42@PEAV342@@Z 00000001800162d1 f   node:node.exe
 0001:000152dd       __imp_load_?CreateHandle@HandleScope@v8@@CAPEAPEAVObject@internal@2@PEAVHeapObject@42@PEAV342@@Z 00000001800162dd f   node:node.exe
 0001:000152e9       __imp_load_??1HandleScope@v8@@QEAA@XZ 00000001800162e9 f   node:node.exe
 0001:000152f5       __imp_load_??0HandleScope@v8@@QEAA@PEAVIsolate@1@@Z 00000001800162f5 f   node:node.exe
 0001:00015301       __imp_load_?SetClassName@FunctionTemplate@v8@@QEAAXV?$Local@VString@v8@@@2@@Z 0000000180016301 f   node:node.exe
 0001:0001530d       __imp_load_?InstanceTemplate@FunctionTemplate@v8@@QEAA?AV?$Local@VObjectTemplate@v8@@@2@XZ 000000018001630d f   node:node.exe
 0001:00015319       __imp_load_?GetFunction@FunctionTemplate@v8@@QEAA?AV?$Local@VFunction@v8@@@2@XZ 0000000180016319 f   node:node.exe
 0001:00015325       __imp_load_?New@FunctionTemplate@v8@@SA?AV?$Local@VFunctionTemplate@v8@@@2@PEAVIsolate@2@P6AXAEBV?$FunctionCallbackInfo@VValue@v8@@@2@@ZV?$Local@VValue@v8@@@2@V?$Local@VSignature@v8@@@2@HW4ConstructorBehavior@2@@Z 0000000180016325 f   node:node.exe
 0001:00015331       __imp_load_?ToLocalEmpty@V8@v8@@CAXXZ 0000000180016331 f   node:node.exe
 0001:0001533d       __imp_load_?GlobalizeReference@V8@v8@@CAPEAPEAVObject@internal@2@PEAVIsolate@42@PEAPEAV342@@Z 000000018001633d f   node:node.exe
 0001:00015349       __imp_load_?Uint32Value@Value@v8@@QEBAIXZ 0000000180016349 f   node:node.exe
 0001:00015355       __imp_load_?IsNumber@Value@v8@@QEBA_NXZ 0000000180016355 f   node:node.exe
 0001:00015361       __imp_load_?Escape@EscapableHandleScope@v8@@AEAAPEAPEAVObject@internal@2@PEAPEAV342@@Z 0000000180016361 f   node:node.exe
 0001:0001536d       __imp_load_??0EscapableHandleScope@v8@@QEAA@PEAVIsolate@1@@Z 000000018001636d f   node:node.exe
 0001:00015379       __imp_load_?NewFromUtf8@String@v8@@SA?AV?$MaybeLocal@VString@v8@@@2@PEAVIsolate@2@PEBDW4NewStringType@2@H@Z 0000000180016379 f   node:node.exe
 0001:00015385       __imp_load_?SlowGetInternalField@Object@v8@@AEAA?AV?$Local@VValue@v8@@@2@H@Z 0000000180016385 f   node:node.exe
 0001:00015391       __imp_load_?SetAlignedPointerInInternalField@Object@v8@@QEAAXHPEAX@Z 0000000180016391 f   node:node.exe
 0001:0001539d       __imp_load_?SetInternalField@Object@v8@@QEAAXHV?$Local@VValue@v8@@@2@@Z 000000018001639d f   node:node.exe
 0001:000153a9       __imp_load_?InternalFieldCount@Object@v8@@QEAAHXZ 00000001800163a9 f   node:node.exe
 0001:000153b5       __imp_load_?Set@Object@v8@@QEAA_NV?$Local@VValue@v8@@@2@0@Z 00000001800163b5 f   node:node.exe
 0001:000153c1       __imp_load_?SetInternalFieldCount@ObjectTemplate@v8@@QEAAXH@Z 00000001800163c1 f   node:node.exe
 0001:000153cd       __imp_load_?NewInstance@ObjectTemplate@v8@@QEAA?AV?$MaybeLocal@VObject@v8@@@2@V?$Local@VContext@v8@@@2@@Z 00000001800163cd f   node:node.exe
 0001:000153d9       __imp_load_?New@ObjectTemplate@v8@@SA?AV?$Local@VObjectTemplate@v8@@@2@PEAVIsolate@2@V?$Local@VFunctionTemplate@v8@@@2@@Z 00000001800163d9 f   node:node.exe
 0001:000153e5       __imp_load_??1EscapableHandleScope@v8@@QEAA@XZ 00000001800163e5 f   node:node.exe
 0001:000153f1       __imp_load_?New@Object@v8@@SA?AV?$Local@VObject@v8@@@2@PEAVIsolate@2@@Z 00000001800163f1 f   node:node.exe
 0001:000153fd       __imp_load_uv_queue_work   00000001800163fd f   node:node.exe
 0001:00015409       __imp_load_?Global@Context@v8@@QEAA?AV?$Local@VObject@v8@@@2@XZ 0000000180016409 f   node:node.exe
 0001:00015415       __imp_load_?NewFromUnsigned@Integer@v8@@SA?AV?$Local@VInteger@v8@@@2@PEAVIsolate@2@I@Z 0000000180016415 f   node:node.exe
 0001:00015421       __imp_load_?New@Signature@v8@@SA?AV?$Local@VSignature@v8@@@2@PEAVIsolate@2@V?$Local@VFunctionTemplate@v8@@@2@@Z 0000000180016421 f   node:node.exe
 0001:0001542d       __imp_load_?ThrowException@Isolate@v8@@QEAA?AV?$Local@VValue@v8@@@2@V32@@Z 000000018001642d f   node:node.exe
 0001:00015439       __imp_load_?Length@TypedArray@v8@@QEAA_KXZ 0000000180016439 f   node:node.exe
 0001:00015445       __imp_load_?Set@Template@v8@@QEAAXV?$Local@VName@v8@@@2@V?$Local@VData@v8@@@2@W4PropertyAttribute@2@@Z 0000000180016445 f   node:node.exe
 0001:00015451       __imp_load_?ByteLength@ArrayBufferView@v8@@QEAA_KXZ 0000000180016451 f   node:node.exe
 0001:0001545d       __imp_load_?ByteOffset@ArrayBufferView@v8@@QEAA_KXZ 000000018001645d f   node:node.exe
 0001:00015469       __imp_load_?Buffer@ArrayBufferView@v8@@QEAA?AV?$Local@VArrayBuffer@v8@@@2@XZ 0000000180016469 f   node:node.exe
 0001:00015475       __imp_load_?Error@Exception@v8@@SA?AV?$Local@VValue@v8@@@2@V?$Local@VString@v8@@@2@@Z 0000000180016475 f   node:node.exe
 0001:00015481       __imp_load_?TypeError@Exception@v8@@SA?AV?$Local@VValue@v8@@@2@V?$Local@VString@v8@@@2@@Z 0000000180016481 f   node:node.exe
 0001:0001548d       __imp_load_?RangeError@Exception@v8@@SA?AV?$Local@VValue@v8@@@2@V?$Local@VString@v8@@@2@@Z 000000018001648d f   node:node.exe
 0001:00015499       __imp_load_?New@AccessorSignature@v8@@SA?AV?$Local@VAccessorSignature@v8@@@2@PEAVIsolate@2@V?$Local@VFunctionTemplate@v8@@@2@@Z 0000000180016499 f   node:node.exe
 0001:000154a5       __imp_load_?PrototypeTemplate@FunctionTemplate@v8@@QEAA?AV?$Local@VObjectTemplate@v8@@@2@XZ 00000001800164a5 f   node:node.exe
 0001:000154b1       __imp_load_?GetContents@ArrayBuffer@v8@@QEAA?AVContents@12@XZ 00000001800164b1 f   node:node.exe
 0001:000154bd       __imp_load_?StrictEquals@Value@v8@@QEBA_NV?$Local@VValue@v8@@@2@@Z 00000001800164bd f   node:node.exe
 0001:000154c9       __imp_load_?NumberValue@Value@v8@@QEBANXZ 00000001800164c9 f   node:node.exe
 0001:000154d5       __imp_load_?BooleanValue@Value@v8@@QEBA_NXZ 00000001800164d5 f   node:node.exe
 0001:000154e1       __imp_load_?ToUint32@Value@v8@@QEBA?AV?$MaybeLocal@VUint32@v8@@@2@V?$Local@VContext@v8@@@2@@Z 00000001800164e1 f   node:node.exe
 0001:000154ed       __imp_load_?IsUint8ClampedArray@Value@v8@@QEBA_NXZ 00000001800164ed f   node:node.exe
 0001:000154f9       __imp_load_?IsArrayBufferView@Value@v8@@QEBA_NXZ 00000001800164f9 f   node:node.exe
 0001:00015505       __imp_load_?IsUint32@Value@v8@@QEBA_NXZ 0000000180016505 f   node:node.exe
 0001:00015511       __imp_load_?IsBoolean@Value@v8@@QEBA_NXZ 0000000180016511 f   node:node.exe
 0001:0001551d       __imp_load_?IsObject@Value@v8@@QEBA_NXZ 000000018001651d f   node:node.exe
 0001:00015529       __imp_load_?IsFunction@Value@v8@@QEBA_NXZ 0000000180016529 f   node:node.exe
 0001:00015535       __imp_load_?ReThrow@TryCatch@v8@@QEAA?AV?$Local@VValue@v8@@@2@XZ 0000000180016535 f   node:node.exe
 0001:00015541       __imp_load_?HasCaught@TryCatch@v8@@QEBA_NXZ 0000000180016541 f   node:node.exe
 0001:0001554d       __imp_load_??1TryCatch@v8@@QEAA@XZ 000000018001654d f   node:node.exe
 0001:00015559       __imp_load_??0TryCatch@v8@@QEAA@PEAVIsolate@1@@Z 0000000180016559 f   node:node.exe
 0001:00015565       __imp_load_??1Utf8Value@String@v8@@QEAA@XZ 0000000180016565 f   node:node.exe
 0001:00015571       __imp_load_??0Utf8Value@String@v8@@QEAA@V?$Local@VValue@v8@@@2@@Z 0000000180016571 f   node:node.exe
 0001:0001557d       __imp_load_?New@Number@v8@@SA?AV?$Local@VNumber@v8@@@2@PEAVIsolate@2@N@Z 000000018001657d f   node:node.exe
 0001:00015589       __imp_load_?SlowGetAlignedPointerFromInternalField@Object@v8@@AEAAPEAXH@Z 0000000180016589 f   node:node.exe
 0001:00015595       __imp_load_?Get@Object@v8@@QEAA?AV?$Local@VValue@v8@@@2@V32@@Z 0000000180016595 f   node:node.exe
 0001:000155a1       __imp_load_?Set@Object@v8@@QEAA?AV?$Maybe@_N@2@V?$Local@VContext@v8@@@2@V?$Local@VValue@v8@@@2@1@Z 00000001800165a1 f   node:node.exe
 0001:000155ad       __imp_load_?Call@Function@v8@@QEAA?AV?$MaybeLocal@VValue@v8@@@2@V?$Local@VContext@v8@@@2@V?$Local@VValue@v8@@@2@HQEAV52@@Z 00000001800165ad f   node:node.exe
 0001:000155b9       __imp_load_?SetAccessor@ObjectTemplate@v8@@QEAAXV?$Local@VName@v8@@@2@P6AX0AEBV?$PropertyCallbackInfo@VValue@v8@@@2@@ZP6AX0V?$Local@VValue@v8@@@2@AEBV?$PropertyCallbackInfo@X@2@@Z3W4AccessControl@2@W4PropertyAttribute@2@V?$Local@VAccessorSignature@v8@@@2@@Z 00000001800165b9 f   node:node.exe
 0001:000155c5       __imp_load_?New@Buffer@node@@YA?AV?$MaybeLocal@VObject@v8@@@v8@@PEAVIsolate@4@PEAD_KP6AX1PEAX@Z3@Z 00000001800165c5 f   node:node.exe
 0001:000155d1       __imp_load_?New@Buffer@node@@YA?AV?$MaybeLocal@VObject@v8@@@v8@@PEAVIsolate@4@PEAD_K@Z 00000001800165d1 f   node:node.exe
 0001:000155dd       __imp_load_?Data@Buffer@node@@YAPEADV?$Local@VObject@v8@@@v8@@@Z 00000001800165dd f   node:node.exe
 0001:000155e9       __imp_load_?Copy@Buffer@node@@YA?AV?$MaybeLocal@VObject@v8@@@v8@@PEAVIsolate@4@PEBD_K@Z 00000001800165e9 f   node:node.exe
 0001:000155f5       __imp_load_?MakeCallback@node@@YA?AV?$Local@VValue@v8@@@v8@@PEAVIsolate@3@V?$Local@VObject@v8@@@3@V?$Local@VFunction@v8@@@3@HPEAV23@@Z 00000001800165f5 f   node:node.exe
 0001:00015601       __imp_load_uv_default_loop 0000000180016601 f   node:node.exe
 0001:0001560d       __imp_load_?ToObject@Value@v8@@QEBA?AV?$Local@VObject@v8@@@2@XZ 000000018001660d f   node:node.exe
 0001:00015619       __imp_load_?HasInstance@FunctionTemplate@v8@@QEAA_NV?$Local@VValue@v8@@@2@@Z 0000000180016619 f   node:node.exe
 0001:00015625       __imp_load_?New@Uint8ClampedArray@v8@@SA?AV?$Local@VUint8ClampedArray@v8@@@2@V?$Local@VArrayBuffer@v8@@@2@_K1@Z 0000000180016625 f   node:node.exe
 0001:00015631       __imp_load_?New@Integer@v8@@SA?AV?$Local@VInteger@v8@@@2@PEAVIsolate@2@H@Z 0000000180016631 f   node:node.exe
 0001:0001563d       __imp_load_?New@Array@v8@@SA?AV?$Local@VArray@v8@@@2@PEAVIsolate@2@H@Z 000000018001663d f   node:node.exe
 0001:00015649       __imp_load_?Length@Array@v8@@QEBAIXZ 0000000180016649 f   node:node.exe
 0001:00015655       __imp_load_?GetFunction@FunctionTemplate@v8@@QEAA?AV?$MaybeLocal@VFunction@v8@@@2@V?$Local@VContext@v8@@@2@@Z 0000000180016655 f   node:node.exe
 0001:00015661       __imp_load_?New@ArrayBuffer@v8@@SA?AV?$Local@VArrayBuffer@v8@@@2@PEAVIsolate@2@_K@Z 0000000180016661 f   node:node.exe
 0001:0001566d       __imp_load_?Int32Value@Value@v8@@QEBAHXZ 000000018001666d f   node:node.exe
 0001:00015679       __imp_load_?ToInt32@Value@v8@@QEBA?AV?$MaybeLocal@VInt32@v8@@@2@V?$Local@VContext@v8@@@2@@Z 0000000180016679 f   node:node.exe
 0001:00015685       __imp_load_?IsInt32@Value@v8@@QEBA_NXZ 0000000180016685 f   node:node.exe
 0001:00015691       __imp_load_?IsArray@Value@v8@@QEBA_NXZ 0000000180016691 f   node:node.exe
 0001:0001569d       __imp_load_?New@Uint16Array@v8@@SA?AV?$Local@VUint16Array@v8@@@2@V?$Local@VArrayBuffer@v8@@@2@_K1@Z 000000018001669d f   node:node.exe
 0001:000156a9       __imp_load_?Get@Object@v8@@QEAA?AV?$Local@VValue@v8@@@2@I@Z 00000001800166a9 f   node:node.exe
 0001:000156b5       __imp_load_?NewInstance@Function@v8@@QEBA?AV?$MaybeLocal@VObject@v8@@@2@V?$Local@VContext@v8@@@2@HQEAV?$Local@VValue@v8@@@2@@Z 00000001800166b5 f   node:node.exe
 0001:000156c1       __imp_load_?ToString@Value@v8@@QEBA?AV?$Local@VString@v8@@@2@XZ 00000001800166c1 f   node:node.exe
 0001:000156cd       __imp_load_?Call@Function@v8@@QEAA?AV?$Local@VValue@v8@@@2@V32@HQEAV32@@Z 00000001800166cd f   node:node.exe
 0001:000156d9       __imp_load_?HasInstance@Buffer@node@@YA_NV?$Local@VValue@v8@@@v8@@@Z 00000001800166d9 f   node:node.exe
 0001:000156e5       __imp_load_?Length@Buffer@node@@YA_KV?$Local@VObject@v8@@@v8@@@Z 00000001800166e5 f   node:node.exe
 0001:000156f1       __imp_load_?IsUint16Array@Value@v8@@QEBA_NXZ 00000001800166f1 f   node:node.exe
 0001:000156fd       __imp_load_node_module_register 00000001800166fd f   node:node.exe
 0001:0001570c       ??0_Init_locks@std@@QEAA@XZ 000000018001670c f   libcpmt:xlock.obj
 0001:00015758       ??1_Init_locks@std@@QEAA@XZ 0000000180016758 f   libcpmt:xlock.obj
 0001:0001579c       ??0exception@std@@QEAA@AEBV01@@Z 000000018001679c f i libcpmt:xonce.obj
 0001:000157d4       ?what@exception@std@@UEBAPEBDXZ 00000001800167d4 f i libcpmt:xonce.obj
 0001:000157e8       ??_G_Fac_node@std@@QEAAPEAXI@Z 00000001800167e8 f i libcpmt:locale0.obj
 0001:00015874       ??0bad_alloc@std@@QEAA@AEBV01@@Z 0000000180016874 f i libcpmt:xthrow.obj
 0001:000158b4       ??0bad_alloc@std@@QEAA@XZ  00000001800168b4 f i libcpmt:xthrow.obj
 0001:000158d4       ??0length_error@std@@QEAA@AEBV01@@Z 00000001800168d4 f i libcpmt:xthrow.obj
 0001:00015914       ??0length_error@std@@QEAA@PEBD@Z 0000000180016914 f i libcpmt:xthrow.obj
 0001:00015960       ??0logic_error@std@@QEAA@AEBV01@@Z 0000000180016960 f i libcpmt:xthrow.obj
 0001:000159a0       ??_Gbad_exception@std@@UEAAPEAXI@Z 00000001800169a0 f i libvcruntime:frame.obj
 0001:000159a0       ??_Ebad_array_new_length@std@@UEAAPEAXI@Z 00000001800169a0 f i LIBCMT:throw_bad_alloc.obj
 0001:000159a0       ??_Ebad_alloc@std@@UEAAPEAXI@Z 00000001800169a0 f i libcpmt:xthrow.obj
 0001:000159a0       ??_Elength_error@std@@UEAAPEAXI@Z 00000001800169a0 f i libcpmt:xthrow.obj
 0001:000159a0       ??_Gbad_array_new_length@std@@UEAAPEAXI@Z 00000001800169a0 f i LIBCMT:throw_bad_alloc.obj
 0001:000159a0       ??_Eexception@std@@UEAAPEAXI@Z 00000001800169a0 f i libcpmt:xonce.obj
 0001:000159a0       ??_Gexception@std@@UEAAPEAXI@Z 00000001800169a0 f i libcpmt:xonce.obj
 0001:000159a0       ??_Glength_error@std@@UEAAPEAXI@Z 00000001800169a0 f i libcpmt:xthrow.obj
 0001:000159a0       ??_Glogic_error@std@@UEAAPEAXI@Z 00000001800169a0 f i libcpmt:xthrow.obj
 0001:000159a0       ??_Gbad_alloc@std@@UEAAPEAXI@Z 00000001800169a0 f i libcpmt:xthrow.obj
 0001:000159a0       ??_Ebad_exception@std@@UEAAPEAXI@Z 00000001800169a0 f i libvcruntime:frame.obj
 0001:000159a0       ??_Elogic_error@std@@UEAAPEAXI@Z 00000001800169a0 f i libcpmt:xthrow.obj
 0001:000159e4       ?__scrt_throw_std_bad_alloc@@YAXXZ 00000001800169e4 f   LIBCMT:throw_bad_alloc.obj
 0001:000159e4       ?_Xbad_alloc@std@@YAXXZ    00000001800169e4 f   libcpmt:xthrow.obj
 0001:00015a04       ?_Xlength_error@std@@YAXPEBD@Z 0000000180016a04 f   libcpmt:xthrow.obj
 0001:00015a28       _Mtxdst                    0000000180016a28 f   libcpmt:xmtx.obj
 0001:00015a30       _Mtxinit                   0000000180016a30 f   libcpmt:xmtx.obj
 0001:00015f10       __crtInitializeCriticalSectionEx 0000000180016f10 f   libcpmt:winapisupp.obj
 0001:00015f80       __security_check_cookie    0000000180016f80 f   LIBCMT:_amdsecgs_.obj
 0001:00016118       ??2@YAPEAX_K@Z             0000000180017118 f   LIBCMT:new_scalar.obj
 0001:00016154       ??3@YAXPEAX@Z              0000000180017154 f   LIBCMT:delete_scalar.obj
 0001:0001615c       ??3@YAXPEAX_K@Z            000000018001715c f   LIBCMT:delete_scalar_size.obj
 0001:00016164       __scrt_acquire_startup_lock 0000000180017164 f   LIBCMT:utility.obj
 0001:000161a0       __scrt_dllmain_after_initialize_c 00000001800171a0 f   LIBCMT:utility.obj
 0001:000161d4       __scrt_dllmain_before_initialize_c 00000001800171d4 f   LIBCMT:utility.obj
 0001:000161ec       __scrt_dllmain_crt_thread_attach 00000001800171ec f   LIBCMT:utility.obj
 0001:00016214       __scrt_dllmain_crt_thread_detach 0000000180017214 f   LIBCMT:utility.obj
 0001:0001622c       __scrt_dllmain_exception_filter 000000018001722c f   LIBCMT:utility.obj
 0001:00016290       __scrt_dllmain_uninitialize_c 0000000180017290 f   LIBCMT:utility.obj
 0001:000162c0       __scrt_dllmain_uninitialize_critical 00000001800172c0 f   LIBCMT:utility.obj
 0001:000162d4       __scrt_initialize_crt      00000001800172d4 f   LIBCMT:utility.obj
 0001:00016320       __scrt_initialize_onexit_tables 0000000180017320 f   LIBCMT:utility.obj
 0001:00016400       __scrt_is_nonwritable_in_current_image 0000000180017400 f   LIBCMT:utility.obj
 0001:0001649c       __scrt_release_startup_lock 000000018001749c f   LIBCMT:utility.obj
 0001:000164c0       __scrt_uninitialize_crt    00000001800174c0 f   LIBCMT:utility.obj
 0001:000164ec       _onexit                    00000001800174ec f   LIBCMT:utility.obj
 0001:0001653c       atexit                     000000018001753c f   LIBCMT:utility.obj
 0001:00016890       _DllMainCRTStartup         0000000180017890 f   LIBCMT:dll_dllmain.obj
 0001:000168d0       __GSHandlerCheck           00000001800178d0 f   LIBCMT:_gshandler_.obj
 0001:000168f0       __GSHandlerCheckCommon     00000001800178f0 f   LIBCMT:_gshandler_.obj
 0001:0001694c       __GSHandlerCheck_EH        000000018001794c f   LIBCMT:gshandlereh.obj
 0001:000169cc       _guard_check_icall         00000001800179cc f i LIBCMT:checkcfg.obj
 0001:000169d4       ??_Gtype_info@@UEAAPEAXI@Z 00000001800179d4 f i LIBCMT:std_type_info_static.obj
 0001:000169d4       ??_Etype_info@@UEAAPEAXI@Z 00000001800179d4 f i LIBCMT:std_type_info_static.obj
 0001:00016a10       __chkstk                   0000000180017a10 f   LIBCMT:_chkstk_.obj
 0001:00016a10       _alloca_probe              0000000180017a10 f   LIBCMT:_chkstk_.obj
 0001:00016a64       __raise_securityfailure    0000000180017a64 f   LIBCMT:gs_report.obj
 0001:00016a98       __report_gsfailure         0000000180017a98 f   LIBCMT:gs_report.obj
 0001:00016b6c       __report_rangecheckfailure 0000000180017b6c f   LIBCMT:gs_report.obj
 0001:00016b80       __report_securityfailure   0000000180017b80 f   LIBCMT:gs_report.obj
 0001:00016d00       __crt_debugger_hook        0000000180017d00 f   LIBCMT:utility_desktop.obj
 0001:00016d08       __scrt_fastfail            0000000180017d08 f   LIBCMT:utility_desktop.obj
 0001:00016e54       ??0bad_array_new_length@std@@QEAA@AEBV01@@Z 0000000180017e54 f i LIBCMT:throw_bad_alloc.obj
 0001:00016e94       ??0bad_array_new_length@std@@QEAA@XZ 0000000180017e94 f i LIBCMT:throw_bad_alloc.obj
 0001:00016eb4       ??1bad_alloc@std@@UEAA@XZ  0000000180017eb4 f i libcpmt:xthrow.obj
 0001:00016eb4       ??1bad_exception@std@@UEAA@XZ 0000000180017eb4 f i libvcruntime:frame.obj
 0001:00016eb4       ??1bad_array_new_length@std@@UEAA@XZ 0000000180017eb4 f i LIBCMT:throw_bad_alloc.obj
 0001:00016eb4       ??1length_error@std@@UEAA@XZ 0000000180017eb4 f i libcpmt:xthrow.obj
 0001:00016ec8       ?__scrt_throw_std_bad_array_new_length@@YAXXZ 0000000180017ec8 f   LIBCMT:throw_bad_alloc.obj
 0001:00016ee8       __isa_available_init       0000000180017ee8 f   LIBCMT:_cpu_disp_.obj
 0001:000170a4       __scrt_is_ucrt_dll_in_use  00000001800180a4 f   LIBCMT:ucrt_detection.obj
 0001:000170b0       __security_init_cookie     00000001800180b0 f   LIBCMT:gs_support.obj
 0001:0001715c       _get_startup_argv_mode     000000018001815c f   LIBCMT:argv_mode.obj
 0001:0001715c       DllMain                    000000018001815c f   LIBCMT:dll_dllmain_stub.obj
 0001:00017164       ?__scrt_initialize_type_info@@YAXXZ 0000000180018164 f   LIBCMT:tncleanup.obj
 0001:00017174       ?__scrt_uninitialize_type_info@@YAXXZ 0000000180018174 f   LIBCMT:tncleanup.obj
 0001:00017180       __local_stdio_scanf_options 0000000180018180 f i LIBCMT:default_local_stdio_options.obj
 0001:00017188       __scrt_initialize_default_local_stdio_options 0000000180018188 f   LIBCMT:default_local_stdio_options.obj
 0001:000171a4       __scrt_get_dyn_tls_init_callback 00000001800181a4 f   LIBCMT:dyn_tls_init.obj
 0001:000171ac       _RTC_Initialize            00000001800181ac f   LIBCMT:_initsect_.obj
 0001:000171f8       _RTC_Terminate             00000001800181f8 f   LIBCMT:_initsect_.obj
 0001:00017250       ?_ExecutionInCatch@@YAHPEAU_xDISPATCHER_CONTEXT@@PEBU_s_FuncInfo@@@Z 0000000180018250 f   libvcruntime:risctrnsctrl.obj
 0001:000172c4       ?_GetEstablisherFrame@@YAPEA_KPEA_KPEAU_xDISPATCHER_CONTEXT@@PEBU_s_FuncInfo@@0@Z 00000001800182c4 f   libvcruntime:risctrnsctrl.obj
 0001:00017390       ?_GetRangeOfTrysToCheck@@YAPEBU_s_TryBlockMapEntry@@PEA_KPEBU_s_FuncInfo@@HHPEAI2PEAU_xDISPATCHER_CONTEXT@@@Z 0000000180018390 f   libvcruntime:risctrnsctrl.obj
 0001:000174bc       ?__FrameUnwindToEmptyState@@YAXPEA_KPEAU_xDISPATCHER_CONTEXT@@PEBU_s_FuncInfo@@@Z 00000001800184bc f   libvcruntime:risctrnsctrl.obj
 0001:00017550       _CallSETranslator          0000000180018550 f   libvcruntime:risctrnsctrl.obj
 0001:000175a8       _CreateFrameInfo           00000001800185a8 f   libvcruntime:risctrnsctrl.obj
 0001:000175e4       _FindAndUnlinkFrame        00000001800185e4 f   libvcruntime:risctrnsctrl.obj
 0001:0001763c       _GetImageBase              000000018001863c f   libvcruntime:risctrnsctrl.obj
 0001:00017650       _GetThrowImageBase         0000000180018650 f   libvcruntime:risctrnsctrl.obj
 0001:00017664       _SetImageBase              0000000180018664 f   libvcruntime:risctrnsctrl.obj
 0001:0001767c       _SetThrowImageBase         000000018001867c f   libvcruntime:risctrnsctrl.obj
 0001:00017694       _UnwindNestedFrames        0000000180018694 f   libvcruntime:risctrnsctrl.obj
 0001:000177b8       __CxxFrameHandler3         00000001800187b8 f   libvcruntime:risctrnsctrl.obj
 0001:00017850       memcpy                     0000000180018850 f   libvcruntime:memcpy.obj
 0001:00017850       memmove                    0000000180018850 f   libvcruntime:memcpy.obj
 0001:00017c98       _purecall                  0000000180018c98 f   libvcruntime:purevirt.obj
 0001:00017cd0       __DestructExceptionObject  0000000180018cd0 f   libvcruntime:ehhelpers.obj
 0001:00017d58       ?_CallMemberFunction0@@YAXQEAX0@Z 0000000180018d58 f i libvcruntime:ehhelpers.obj
 0001:00017d5c       _IsExceptionObjectToBeDestroyed 0000000180018d5c f   libvcruntime:ehhelpers.obj
 0001:00017d8c       __AdjustPointer            0000000180018d8c f   libvcruntime:ehhelpers.obj
 0001:00017db0       __FrameUnwindFilter        0000000180018db0 f   libvcruntime:ehhelpers.obj
 0001:00017dfc       __std_terminate            0000000180018dfc f   libvcruntime:ehhelpers.obj
 0001:00017e08       longjmp                    0000000180018e08 f   libvcruntime:longjmpc.obj
 0001:00017e30       strstr                     0000000180018e30 f   libvcruntime:strstr.obj
 0001:00018010       __std_exception_copy       0000000180019010 f   libvcruntime:std_exception.obj
 0001:000180a0       __std_exception_destroy    00000001800190a0 f   libvcruntime:std_exception.obj
 0001:000180c8       _CxxThrowException         00000001800190c8 f   libvcruntime:throw.obj
 0001:000181b0       memset                     00000001800191b0 f   libvcruntime:memset.obj
 0001:00018370       memchr                     0000000180019370 f   libvcruntime:memchr.obj
 0001:000183f0       memcmp                     00000001800193f0 f   libvcruntime:memcmp.obj
 0001:00018690       __vcrt_FlsAlloc            0000000180019690 f   libvcruntime:winapi_downlevel.obj
 0001:000186e4       __vcrt_FlsFree             00000001800196e4 f   libvcruntime:winapi_downlevel.obj
 0001:00018738       __vcrt_FlsGetValue         0000000180019738 f   libvcruntime:winapi_downlevel.obj
 0001:0001878c       __vcrt_FlsSetValue         000000018001978c f   libvcruntime:winapi_downlevel.obj
 0001:000187f4       __vcrt_InitializeCriticalSectionEx 00000001800197f4 f   libvcruntime:winapi_downlevel.obj
 0001:0001886c       __vcrt_initialize_winapi_thunks 000000018001986c f   libvcruntime:winapi_downlevel.obj
 0001:000188b0       __vcrt_uninitialize_winapi_thunks 00000001800198b0 f   libvcruntime:winapi_downlevel.obj
 0001:000188f0       __vcrt_initialize          00000001800198f0 f   libvcruntime:initialization.obj
 0001:00018924       __vcrt_thread_attach       0000000180019924 f   libvcruntime:initialization.obj
 0001:00018938       __vcrt_thread_detach       0000000180019938 f   libvcruntime:initialization.obj
 0001:0001894c       __vcrt_uninitialize        000000018001994c f   libvcruntime:initialization.obj
 0001:0001896c       __vcrt_uninitialize_critical 000000018001996c f   libvcruntime:initialization.obj
 0001:0001897c       __C_specific_handler       000000018001997c f   libvcruntime:_riscchandler_.obj
 0001:00018b78       __std_type_info_compare    0000000180019b78 f   libvcruntime:std_type_info.obj
 0001:00018ba0       __std_type_info_destroy_list 0000000180019ba0 f   libvcruntime:std_type_info.obj
 0001:00018bcc       __vcrt_freefls             0000000180019bcc f   libvcruntime:per_thread_data.obj
 0001:00018bec       __vcrt_freeptd             0000000180019bec f   libvcruntime:per_thread_data.obj
 0001:00018c3c       __vcrt_getptd              0000000180019c3c f   libvcruntime:per_thread_data.obj
 0001:00018c58       __vcrt_getptd_noexit       0000000180019c58 f   libvcruntime:per_thread_data.obj
 0001:00018d10       __vcrt_initialize_ptd      0000000180019d10 f   libvcruntime:per_thread_data.obj
 0001:00018d50       __vcrt_uninitialize_ptd    0000000180019d50 f   libvcruntime:per_thread_data.obj
 0001:00018d74       ?__GetCurrentState@@YAHPEA_KPEAU_xDISPATCHER_CONTEXT@@PEBU_s_FuncInfo@@@Z 0000000180019d74 f   libvcruntime:riscehstate.obj
 0001:00018d9c       ?__GetUnwindTryBlock@@YAHPEA_KPEAU_xDISPATCHER_CONTEXT@@PEBU_s_FuncInfo@@@Z 0000000180019d9c f   libvcruntime:riscehstate.obj
 0001:00018dc8       ?__SetState@@YAXPEA_KPEAU_xDISPATCHER_CONTEXT@@PEBU_s_FuncInfo@@H@Z 0000000180019dc8 f   libvcruntime:riscehstate.obj
 0001:00018dd4       ?__SetUnwindTryBlock@@YAXPEA_KPEAU_xDISPATCHER_CONTEXT@@PEBU_s_FuncInfo@@H@Z 0000000180019dd4 f   libvcruntime:riscehstate.obj
 0001:00018e10       ?__StateFromControlPc@@YAHPEBU_s_FuncInfo@@PEAU_xDISPATCHER_CONTEXT@@@Z 0000000180019e10 f   libvcruntime:riscehstate.obj
 0001:00018e18       ?__StateFromIp@@YAHPEBU_s_FuncInfo@@PEAU_xDISPATCHER_CONTEXT@@_K@Z 0000000180019e18 f   libvcruntime:riscehstate.obj
 0001:00018e84       ??0bad_exception@std@@QEAA@AEBV01@@Z 0000000180019e84 f i libvcruntime:frame.obj
 0001:00018ec4       ??0bad_exception@std@@QEAA@XZ 0000000180019ec4 f i libvcruntime:frame.obj
 0001:00019840       ?_CallMemberFunction1@@YAXQEAX00@Z 000000018001a840 f i libvcruntime:frame.obj
 0001:0001984c       ?_CallMemberFunction2@@YAXQEAX00H@Z 000000018001a84c f i libvcruntime:frame.obj
 0001:0001985c       __BuildCatchObject         000000018001a85c f   libvcruntime:frame.obj
 0001:00019920       __BuildCatchObjectHelper   000000018001a920 f   libvcruntime:frame.obj
 0001:00019b00       __CxxCallCatchBlock        000000018001ab00 f   libvcruntime:frame.obj
 0001:00019cec       __FrameUnwindToState       000000018001acec f   libvcruntime:frame.obj
 0001:00019e80       __InternalCxxFrameHandler  000000018001ae80 f   libvcruntime:frame.obj
 0001:0001a0d4       __TypeMatch                000000018001b0d4 f   libvcruntime:frame.obj
 0001:0001a214       __vcrt_initialize_pure_virtual_call_handler 000000018001b214 f   libvcruntime:purevirt_data.obj
 0001:0001a240       __except_validate_context_record 000000018001b240 f   libvcruntime:jbcxrval.obj
 0001:0001a278       __except_validate_jump_buffer 000000018001b278 f   libvcruntime:jbcxrval.obj
 0001:0001a2b8       __vcrt_initialize_locks    000000018001b2b8 f   libvcruntime:locks.obj
 0001:0001a300       __vcrt_uninitialize_locks  000000018001b300 f   libvcruntime:locks.obj
 0001:0001a350       _local_unwind              000000018001b350 f   libvcruntime:_jmpuwind_.obj
 0001:0001a380       _NLG_Notify                000000018001b380 f   libvcruntime:_jmpuwind_.obj
 0001:0001a3a0       __NLG_Dispatch2            000000018001b3a0 f   libvcruntime:_jmpuwind_.obj
 0001:0001a3b0       __NLG_Return2              000000018001b3b0 f   libvcruntime:_jmpuwind_.obj
 0001:0001a3d0       _CallSettingFrame          000000018001b3d0 f   libvcruntime:handlers.obj
 0001:0001a410       abort                      000000018001b410 f   libucrt:abort.obj
 0001:0001a468       __acrt_call_reportfault    000000018001b468 f   libucrt:invalid_parameter.obj
 0001:0001a5c4       __acrt_initialize_invalid_parameter_handler 000000018001b5c4 f   libucrt:invalid_parameter.obj
 0001:0001a5cc       _invalid_parameter         000000018001b5cc f   libucrt:invalid_parameter.obj
 0001:0001a67c       _invalid_parameter_noinfo  000000018001b67c f   libucrt:invalid_parameter.obj
 0001:0001a69c       _invalid_parameter_noinfo_noreturn 000000018001b69c f   libucrt:invalid_parameter.obj
 0001:0001a6cc       _invoke_watson             000000018001b6cc f   libucrt:invalid_parameter.obj
 0001:0001a714       free                       000000018001b714 f   libucrt:free.obj
 0001:0001b0fc       ??$ftprintf@PEAU_iobuf@@PEB_WAEBQEB_WAEBQEB_WAEBI@?$__crt_char_traits@_W@@SAH$$QEAPEAU_iobuf@@$$QEAPEB_WAEBQEB_W2AEBI@Z 000000018001c0fc f i libucrt:assert.obj
 0001:0001b124       _wassert                   000000018001c124 f   libucrt:assert.obj
 0001:0001b1a8       fwprintf                   000000018001c1a8 f i libucrt:assert.obj
 0001:0001b1ec       swprintf                   000000018001c1ec f i libucrt:assert.obj
 0001:0001b240       malloc                     000000018001c240 f   libucrt:malloc.obj
 0001:0001b248       _isnan                     000000018001c248 f   libucrt:ieeemisc.obj
 0001:0001b274       _finite                    000000018001c274 f   libucrt:_finite.obj
 0001:0001b2a0       __acrt_initialize_stdio    000000018001c2a0 f   libucrt:_file.obj
 0001:0001b3c0       __acrt_iob_func            000000018001c3c0 f   libucrt:_file.obj
 0001:0001b3d4       __acrt_uninitialize_stdio  000000018001c3d4 f   libucrt:_file.obj
 0001:0001b430       _lock_file                 000000018001c430 f   libucrt:_file.obj
 0001:0001b43c       _unlock_file               000000018001c43c f   libucrt:_file.obj
 0001:0001b828       ??$ensure_buffer_is_big_enough@D@formatting_buffer@__crt_stdio_output@@QEAA_N_K@Z 000000018001c828 f i libucrt:output.obj
 0001:0001b8d0       ??$ensure_buffer_is_big_enough@_W@formatting_buffer@__crt_stdio_output@@QEAA_N_K@Z 000000018001c8d0 f i libucrt:output.obj
 0001:0001b97c       ??$is_wide_character_specifier@_W@__crt_stdio_output@@YA_N_K_WW4length_modifier@0@@Z 000000018001c97c f i libucrt:output.obj
 0001:0001b9bc       ??$type_case_integer_parse_into_buffer@I@?$output_processor@DV?$string_output_adapter@D@__crt_stdio_output@@V?$standard_base@DV?$string_output_adapter@D@__crt_stdio_output@@@2@@__crt_stdio_output@@AEAAXII_N@Z 000000018001c9bc f i libucrt:output.obj
 0001:0001ba44       ??$type_case_integer_parse_into_buffer@I@?$output_processor@_WV?$stream_output_adapter@_W@__crt_stdio_output@@V?$standard_base@_WV?$stream_output_adapter@_W@__crt_stdio_output@@@2@@__crt_stdio_output@@AEAAXII_N@Z 000000018001ca44 f i libucrt:output.obj
 0001:0001ba44       ??$type_case_integer_parse_into_buffer@I@?$output_processor@_WV?$string_output_adapter@_W@__crt_stdio_output@@V?$standard_base@_WV?$string_output_adapter@_W@__crt_stdio_output@@@2@@__crt_stdio_output@@AEAAXII_N@Z 000000018001ca44 f i libucrt:output.obj
 0001:0001bae0       ??$type_case_integer_parse_into_buffer@_K@?$output_processor@DV?$string_output_adapter@D@__crt_stdio_output@@V?$standard_base@DV?$string_output_adapter@D@__crt_stdio_output@@@2@@__crt_stdio_output@@AEAAX_KI_N@Z 000000018001cae0 f i libucrt:output.obj
 0001:0001bb70       ??$type_case_integer_parse_into_buffer@_K@?$output_processor@_WV?$stream_output_adapter@_W@__crt_stdio_output@@V?$standard_base@_WV?$stream_output_adapter@_W@__crt_stdio_output@@@2@@__crt_stdio_output@@AEAAX_KI_N@Z 000000018001cb70 f i libucrt:output.obj
 0001:0001bb70       ??$type_case_integer_parse_into_buffer@_K@?$output_processor@_WV?$string_output_adapter@_W@__crt_stdio_output@@V?$standard_base@_WV?$string_output_adapter@_W@__crt_stdio_output@@@2@@__crt_stdio_output@@AEAAX_KI_N@Z 000000018001cb70 f i libucrt:output.obj
 0001:0001bc10       ??$write_multiple_characters@V?$stream_output_adapter@_W@__crt_stdio_output@@D@__crt_stdio_output@@YAXAEBV?$stream_output_adapter@_W@0@DHQEAH@Z 000000018001cc10 f i libucrt:output.obj
 0001:0001bc9c       ??$write_multiple_characters@V?$string_output_adapter@D@__crt_stdio_output@@D@__crt_stdio_output@@YAXAEBV?$string_output_adapter@D@0@DHQEAH@Z 000000018001cc9c f i libucrt:output.obj
 0001:0001bcf8       ??$write_multiple_characters@V?$string_output_adapter@_W@__crt_stdio_output@@D@__crt_stdio_output@@YAXAEBV?$string_output_adapter@_W@0@DHQEAH@Z 000000018001ccf8 f i libucrt:output.obj
 0001:0001bd68       ??0_LocaleUpdate@@QEAA@QEAU__crt_locale_pointers@@@Z 000000018001cd68 f i libucrt:output.obj
 0001:0001bf2c       ?force_decimal_point@__crt_stdio_output@@YAXPEADQEAU__crt_locale_pointers@@@Z 000000018001cf2c f i libucrt:output.obj
 0001:0001bf9c       ?parse_int_from_format_string@?$output_processor@DV?$string_output_adapter@D@__crt_stdio_output@@V?$standard_base@DV?$string_output_adapter@D@__crt_stdio_output@@@2@@__crt_stdio_output@@AEAA_NQEAH@Z 000000018001cf9c f i libucrt:output.obj
 0001:0001c040       ?parse_int_from_format_string@?$output_processor@_WV?$stream_output_adapter@_W@__crt_stdio_output@@V?$standard_base@_WV?$stream_output_adapter@_W@__crt_stdio_output@@@2@@__crt_stdio_output@@AEAA_NQEAH@Z 000000018001d040 f i libucrt:output.obj
 0001:0001c040       ?parse_int_from_format_string@?$output_processor@_WV?$string_output_adapter@_W@__crt_stdio_output@@V?$standard_base@_WV?$string_output_adapter@_W@__crt_stdio_output@@@2@@__crt_stdio_output@@AEAA_NQEAH@Z 000000018001d040 f i libucrt:output.obj
 0001:0001c0e4       ?process@?$output_processor@DV?$string_output_adapter@D@__crt_stdio_output@@V?$standard_base@DV?$string_output_adapter@D@__crt_stdio_output@@@2@@__crt_stdio_output@@QEAAHXZ 000000018001d0e4 f i libucrt:output.obj
 0001:0001c2ec       ?process@?$output_processor@_WV?$stream_output_adapter@_W@__crt_stdio_output@@V?$standard_base@_WV?$stream_output_adapter@_W@__crt_stdio_output@@@2@@__crt_stdio_output@@QEAAHXZ 000000018001d2ec f i libucrt:output.obj
 0001:0001c55c       ?process@?$output_processor@_WV?$string_output_adapter@_W@__crt_stdio_output@@V?$standard_base@_WV?$string_output_adapter@_W@__crt_stdio_output@@@2@@__crt_stdio_output@@QEAAHXZ 000000018001d55c f i libucrt:output.obj
 0001:0001c7c4       ?state_case_normal@?$output_processor@DV?$string_output_adapter@D@__crt_stdio_output@@V?$standard_base@DV?$string_output_adapter@D@__crt_stdio_output@@@2@@__crt_stdio_output@@AEAA_NXZ 000000018001d7c4 f i libucrt:output.obj
 0001:0001c838       ?state_case_normal_tchar@?$output_processor@DV?$string_output_adapter@D@__crt_stdio_output@@V?$standard_base@DV?$string_output_adapter@D@__crt_stdio_output@@@2@@__crt_stdio_output@@AEAA_ND@Z 000000018001d838 f i libucrt:output.obj
 0001:0001c8d0       ?state_case_size@?$output_processor@DV?$string_output_adapter@D@__crt_stdio_output@@V?$standard_base@DV?$string_output_adapter@D@__crt_stdio_output@@@2@@__crt_stdio_output@@AEAA_NXZ 000000018001d8d0 f i libucrt:output.obj
 0001:0001ca4c       ?state_case_size@?$output_processor@_WV?$stream_output_adapter@_W@__crt_stdio_output@@V?$standard_base@_WV?$stream_output_adapter@_W@__crt_stdio_output@@@2@@__crt_stdio_output@@AEAA_NXZ 000000018001da4c f i libucrt:output.obj
 0001:0001cbf0       ?state_case_size@?$output_processor@_WV?$string_output_adapter@_W@__crt_stdio_output@@V?$standard_base@_WV?$string_output_adapter@_W@__crt_stdio_output@@@2@@__crt_stdio_output@@AEAA_NXZ 000000018001dbf0 f i libucrt:output.obj
 0001:0001cd94       ?state_case_type@?$output_processor@DV?$string_output_adapter@D@__crt_stdio_output@@V?$standard_base@DV?$string_output_adapter@D@__crt_stdio_output@@@2@@__crt_stdio_output@@AEAA_NXZ 000000018001dd94 f i libucrt:output.obj
 0001:0001d008       ?state_case_type@?$output_processor@_WV?$stream_output_adapter@_W@__crt_stdio_output@@V?$standard_base@_WV?$stream_output_adapter@_W@__crt_stdio_output@@@2@@__crt_stdio_output@@AEAA_NXZ 000000018001e008 f i libucrt:output.obj
 0001:0001d2f4       ?state_case_type@?$output_processor@_WV?$string_output_adapter@_W@__crt_stdio_output@@V?$standard_base@_WV?$string_output_adapter@_W@__crt_stdio_output@@@2@@__crt_stdio_output@@AEAA_NXZ 000000018001e2f4 f i libucrt:output.obj
 0001:0001d5d0       ?type_case_Z@?$output_processor@DV?$string_output_adapter@D@__crt_stdio_output@@V?$standard_base@DV?$string_output_adapter@D@__crt_stdio_output@@@2@@__crt_stdio_output@@AEAA_NXZ 000000018001e5d0 f i libucrt:output.obj
 0001:0001d650       ?type_case_Z@?$output_processor@_WV?$stream_output_adapter@_W@__crt_stdio_output@@V?$standard_base@_WV?$stream_output_adapter@_W@__crt_stdio_output@@@2@@__crt_stdio_output@@AEAA_NXZ 000000018001e650 f i libucrt:output.obj
 0001:0001d650       ?type_case_Z@?$output_processor@_WV?$string_output_adapter@_W@__crt_stdio_output@@V?$standard_base@_WV?$string_output_adapter@_W@__crt_stdio_output@@@2@@__crt_stdio_output@@AEAA_NXZ 000000018001e650 f i libucrt:output.obj
 0001:0001d6d0       ?type_case_a@?$output_processor@DV?$string_output_adapter@D@__crt_stdio_output@@V?$standard_base@DV?$string_output_adapter@D@__crt_stdio_output@@@2@@__crt_stdio_output@@AEAA_NXZ 000000018001e6d0 f i libucrt:output.obj
 0001:0001d8e8       ?type_case_a@?$output_processor@_WV?$stream_output_adapter@_W@__crt_stdio_output@@V?$standard_base@_WV?$stream_output_adapter@_W@__crt_stdio_output@@@2@@__crt_stdio_output@@AEAA_NXZ 000000018001e8e8 f i libucrt:output.obj
 0001:0001d8e8       ?type_case_a@?$output_processor@_WV?$string_output_adapter@_W@__crt_stdio_output@@V?$standard_base@_WV?$string_output_adapter@_W@__crt_stdio_output@@@2@@__crt_stdio_output@@AEAA_NXZ 000000018001e8e8 f i libucrt:output.obj
 0001:0001db28       ?type_case_c_tchar@?$output_processor@DV?$string_output_adapter@D@__crt_stdio_output@@V?$standard_base@DV?$string_output_adapter@D@__crt_stdio_output@@@2@@__crt_stdio_output@@AEAA_ND@Z 000000018001eb28 f i libucrt:output.obj
 0001:0001dbf4       ?type_case_c_tchar@?$output_processor@_WV?$string_output_adapter@_W@__crt_stdio_output@@V?$standard_base@_WV?$string_output_adapter@_W@__crt_stdio_output@@@2@@__crt_stdio_output@@AEAA_N_W@Z 000000018001ebf4 f i libucrt:output.obj
 0001:0001dbf4       ?type_case_c_tchar@?$output_processor@_WV?$stream_output_adapter@_W@__crt_stdio_output@@V?$standard_base@_WV?$stream_output_adapter@_W@__crt_stdio_output@@@2@@__crt_stdio_output@@AEAA_N_W@Z 000000018001ebf4 f i libucrt:output.obj
 0001:0001dc9c       ?type_case_integer@?$output_processor@DV?$string_output_adapter@D@__crt_stdio_output@@V?$standard_base@DV?$string_output_adapter@D@__crt_stdio_output@@@2@@__crt_stdio_output@@AEAA_NI_N@Z 000000018001ec9c f i libucrt:output.obj
 0001:0001de60       ?type_case_integer@?$output_processor@_WV?$stream_output_adapter@_W@__crt_stdio_output@@V?$standard_base@_WV?$stream_output_adapter@_W@__crt_stdio_output@@@2@@__crt_stdio_output@@AEAA_NI_N@Z 000000018001ee60 f i libucrt:output.obj
 0001:0001de60       ?type_case_integer@?$output_processor@_WV?$string_output_adapter@_W@__crt_stdio_output@@V?$standard_base@_WV?$string_output_adapter@_W@__crt_stdio_output@@@2@@__crt_stdio_output@@AEAA_NI_N@Z 000000018001ee60 f i libucrt:output.obj
 0001:0001e02c       ?type_case_n@?$output_processor@DV?$string_output_adapter@D@__crt_stdio_output@@V?$standard_base@DV?$string_output_adapter@D@__crt_stdio_output@@@2@@__crt_stdio_output@@AEAA_NXZ 000000018001f02c f i libucrt:output.obj
 0001:0001e02c       ?type_case_n@?$output_processor@_WV?$string_output_adapter@_W@__crt_stdio_output@@V?$standard_base@_WV?$string_output_adapter@_W@__crt_stdio_output@@@2@@__crt_stdio_output@@AEAA_NXZ 000000018001f02c f i libucrt:output.obj
 0001:0001e02c       ?type_case_n@?$output_processor@_WV?$stream_output_adapter@_W@__crt_stdio_output@@V?$standard_base@_WV?$stream_output_adapter@_W@__crt_stdio_output@@@2@@__crt_stdio_output@@AEAA_NXZ 000000018001f02c f i libucrt:output.obj
 0001:0001e108       ?type_case_s@?$output_processor@DV?$string_output_adapter@D@__crt_stdio_output@@V?$standard_base@DV?$string_output_adapter@D@__crt_stdio_output@@@2@@__crt_stdio_output@@AEAA_NXZ 000000018001f108 f i libucrt:output.obj
 0001:0001e1a4       ?type_case_s@?$output_processor@_WV?$stream_output_adapter@_W@__crt_stdio_output@@V?$standard_base@_WV?$stream_output_adapter@_W@__crt_stdio_output@@@2@@__crt_stdio_output@@AEAA_NXZ 000000018001f1a4 f i libucrt:output.obj
 0001:0001e1a4       ?type_case_s@?$output_processor@_WV?$string_output_adapter@_W@__crt_stdio_output@@V?$standard_base@_WV?$string_output_adapter@_W@__crt_stdio_output@@@2@@__crt_stdio_output@@AEAA_NXZ 000000018001f1a4 f i libucrt:output.obj
 0001:0001e26c       ?write_stored_string_tchar@?$output_processor@DV?$string_output_adapter@D@__crt_stdio_output@@V?$standard_base@DV?$string_output_adapter@D@__crt_stdio_output@@@2@@__crt_stdio_output@@AEAA_ND@Z 000000018001f26c f i libucrt:output.obj
 0001:0001e344       ?write_stored_string_tchar@?$output_processor@_WV?$stream_output_adapter@_W@__crt_stdio_output@@V?$standard_base@_WV?$stream_output_adapter@_W@__crt_stdio_output@@@2@@__crt_stdio_output@@AEAA_N_W@Z 000000018001f344 f i libucrt:output.obj
 0001:0001e44c       ?write_stored_string_tchar@?$output_processor@_WV?$string_output_adapter@_W@__crt_stdio_output@@V?$standard_base@_WV?$string_output_adapter@_W@__crt_stdio_output@@@2@@__crt_stdio_output@@AEAA_N_W@Z 000000018001f44c f i libucrt:output.obj
 0001:0001e53c       ?write_string@?$string_output_adapter@D@__crt_stdio_output@@QEBAXQEBDHQEAHAEAV__crt_deferred_errno_cache@@@Z 000000018001f53c f i libucrt:output.obj
 0001:0001e5e0       ?write_string@?$string_output_adapter@_W@__crt_stdio_output@@QEBAXQEB_WHQEAHAEAV__crt_deferred_errno_cache@@@Z 000000018001f5e0 f i libucrt:output.obj
 0001:0001e688       ?write_string_impl@?$output_adapter_common@_WV?$stream_output_adapter@_W@__crt_stdio_output@@@__crt_stdio_output@@IEBAXQEB_WHQEAHAEAV__crt_deferred_errno_cache@@@Z 000000018001f688 f i libucrt:output.obj
 0001:0001e78c       __stdio_common_vfwprintf   000000018001f78c f   libucrt:output.obj
 0001:0001e818       __stdio_common_vsprintf    000000018001f818 f   libucrt:output.obj
 0001:0001e820       __stdio_common_vswprintf   000000018001f820 f   libucrt:output.obj
 0001:0001ed28       _ftelli64_nolock           000000018001fd28 f   libucrt:ftell.obj
 0001:0001ed30       ftell                      000000018001fd30 f   libucrt:ftell.obj
 0001:0001edf0       fopen                      000000018001fdf0 f   libucrt:fopen.obj
 0001:0001edfc       _fclose_nolock             000000018001fdfc f   libucrt:fclose.obj
 0001:0001ee80       fclose                     000000018001fe80 f   libucrt:fclose.obj
 0001:0001f0fc       fseek                      00000001800200fc f   libucrt:fseek.obj
 0001:0001f104       _fread_nolock_s            0000000180020104 f   libucrt:fread.obj
 0001:0001f398       fread                      0000000180020398 f   libucrt:fread.obj
 0001:0001f3b8       fread_s                    00000001800203b8 f   libucrt:fread.obj
 0001:0001f460       realloc                    0000000180020460 f   libucrt:realloc.obj
 0001:0001f468       __ascii_stricmp            0000000180020468 f   libucrt:stricmp.obj
 0001:0001f4a8       _stricmp                   00000001800204a8 f   libucrt:stricmp.obj
 0001:0001f4f0       _stricmp_l                 00000001800204f0 f   libucrt:stricmp.obj
 0001:0001f5a4       __acrt_initialize_locks    00000001800205a4 f   libucrt:locks.obj
 0001:0001f5ec       __acrt_lock                00000001800205ec f   libucrt:locks.obj
 0001:0001f608       __acrt_uninitialize_locks  0000000180020608 f   libucrt:locks.obj
 0001:0001f640       __acrt_unlock              0000000180020640 f   libucrt:locks.obj
 0001:0001f65c       terminate                  000000018002065c f   libucrt:terminate.obj
 0001:0001f67c       _calloc_base               000000018002067c f   libucrt:calloc_base.obj
 0001:0001f6f4       __pctype_func              00000001800206f4 f   libucrt:ctype.obj
 0001:0001f724       isdigit                    0000000180020724 f i libucrt:_ctype.obj
 0001:0001f798       _malloc_base               0000000180020798 f   libucrt:malloc_base.obj
 0001:0001f7f8       _realloc_base              00000001800207f8 f   libucrt:realloc_base.obj
 0001:0001f874       __acrt_errno_from_os_error 0000000180020874 f   libucrt:errno.obj
 0001:0001f8bc       __acrt_errno_map_os_error  00000001800208bc f   libucrt:errno.obj
 0001:0001f90c       __doserrno                 000000018002090c f   libucrt:errno.obj
 0001:0001f92c       _errno                     000000018002092c f   libucrt:errno.obj
 0001:0001f950       ?divide@__crt_strtox@@YA_KAEAUbig_integer@1@AEBU21@@Z 0000000180020950 f i libucrt:strtod.obj
 0001:0001fe70       pow                        0000000180020e70 f   libucrt:pow.obj
 0001:00021510       powf                       0000000180022510 f   libucrt:powf.obj
 0001:000223d8       __strncnt                  00000001800233d8 f   libucrt:strncnt.obj
 0001:000223f0       _free_base                 00000001800233f0 f   libucrt:free_base.obj
 0001:000224a8       _ismbblead                 00000001800234a8 f   libucrt:ismbbyte.obj
[...]
 0004:000022b0       $pdata$??$write_buffer_nolock@_W@@YA_N_WV__crt_stdio_stream@@@Z 00000001800552b0     libucrt:_flsbuf.obj
 0004:000022bc       $pdata$__acrt_stdio_flush_and_write_narrow_nolock 00000001800552bc     libucrt:_flsbuf.obj
 0004:000022c8       $pdata$__acrt_stdio_flush_and_write_wide_nolock 00000001800552c8     libucrt:_flsbuf.obj
 0004:000022d4       $pdata$_isatty             00000001800552d4     libucrt:isatty.obj
 0004:000022e0       $pdata$__acrt_locale_free_monetary 00000001800552e0     libucrt:initmon.obj
 0004:000022ec       $pdata$__acrt_locale_free_numeric 00000001800552ec     libucrt:initnum.obj
 0004:000022f8       $pdata$?free_crt_array_internal@@YAXQEAPEBX_K@Z 00000001800552f8     libucrt:inittime.obj
 0004:00002304       $pdata$__acrt_locale_free_time 0000000180055304     libucrt:inittime.obj
 0004:0000231c       $pdata$__ascii_strnicmp    000000018005531c     libucrt:strnicmp.obj
 0004:00002328       $pdata$_strnicmp           0000000180055328     libucrt:strnicmp.obj
 0004:00002334       $pdata$_strnicmp_l         0000000180055334     libucrt:strnicmp.obj
 0004:00002340       $pdata$??$common_sopen_dispatch@D@@YAHQEBDHHHQEAHH@Z 0000000180055340     libucrt:open.obj
 0004:0000234c       $pdata$?configure_text_mode@@YAHHUfile_options@?A0xa9d50aae@@HAEAW4__crt_lowio_text_mode@@@Z 000000018005534c     libucrt:open.obj
 0004:00002358       $pdata$?decode_options@@YA?AUfile_options@?A0xa9d50aae@@HHH@Z 0000000180055358     libucrt:open.obj
 0004:00002364       $pdata$?truncate_ctrl_z_if_present@@YAHH@Z 0000000180055364     libucrt:open.obj
 0004:00002370       $pdata$_sopen_nolock       0000000180055370     libucrt:open.obj
 0004:0000237c       $pdata$_sopen_s            000000018005537c     libucrt:open.obj
 0004:00002388       $pdata$_wsopen_nolock      0000000180055388     libucrt:open.obj
 0004:00002394       $pdata$__acrt_stdio_allocate_buffer_nolock 0000000180055394     libucrt:_getbuf.obj
 0004:000023a0       $pdata$strncpy_s           00000001800553a0     libucrt:strncpy_s.obj
 0004:000023ac       $pdata$__acrt_fenv_set_control 00000001800553ac     libucrt:_fenvutils.obj
 0004:000023c4       $pdata$qsort               00000001800553c4     libucrt:qsort.obj
 0004:000023d0       $pdata$4$qsort             00000001800553d0     libucrt:qsort.obj
 0004:000023dc       $pdata$5$qsort             00000001800553dc     libucrt:qsort.obj
 0004:000023e8       $pdata$fallbackMethod      00000001800553e8     libucrt:strpbrk.obj
 0004:000023f4       $pdata$strpbrk             00000001800553f4     libucrt:strpbrk.obj
 0004:00002400       $pdata$_mbsdec_l           0000000180055400     libucrt:mbsdec.obj
 0004:0000240c       $pdata$?initialize_multibyte@@YAHXZ 000000018005540c     libucrt:multibyte_initializer.obj
 0004:00002418       $pdata$_msize_base         0000000180055418     libucrt:msize.obj
 0004:00002424       $pdata$_putwch_nolock      0000000180055424     libucrt:putwch.obj
 0004:00002430       $pdata$fegetenv            0000000180055430     libucrt:fegetenv.obj
 0004:0000243c       $pdata$fesetenv            000000018005543c     libucrt:fesetenv.obj
 0004:00002448       $pdata$feholdexcept        0000000180055448     libucrt:feholdexcept.obj
 0004:00002460       $pdata$_get_fmode          0000000180055460     libucrt:setmode.obj
 0004:0000246c       $pdata$_setmode_nolock     000000018005546c     libucrt:setmode.obj
 0004:00002478       $pdata$__acrt_copy_path_to_wide_string 0000000180055478     libucrt:string_utilities.obj
 0004:00002484       $pdata$_chsize_nolock      0000000180055484     libucrt:chsize.obj
 0004:00002490       $pdata$__dcrt_lowio_ensure_console_output_initialized 0000000180055490     libucrt:initcon.obj
 0004:0000249c       $pdata$__dcrt_terminate_console_output 000000018005549c     libucrt:initcon.obj
 0004:000024a8       $pdata$__dcrt_write_console_w 00000001800554a8     libucrt:initcon.obj
 0004:000024b4       $pdata$_clearfp            00000001800554b4     libucrt:ieee.obj
 0004:000024c0       $pdata$_log10_special      00000001800554c0     libucrt:log_special.obj
 0004:000024cc       $pdata$_log_special_common 00000001800554cc     libucrt:log_special.obj
 0004:000024d8       $pdata$?DloadAcquireSectionWriteAccess@@YAXXZ 00000001800554d8     DelayImp:delayhlp.obj
 0004:000024e4       $pdata$?DloadGetSRWLockFunctionPointers@@YAEXZ 00000001800554e4     DelayImp:delayhlp.obj
 0004:000024f0       $pdata$?DloadMakePermanentImageCommit@@YAXPEAX_K@Z 00000001800554f0     DelayImp:delayhlp.obj
 0004:000024fc       $pdata$?DloadObtainSection@@YAPEAXPEAK0@Z 00000001800554fc     DelayImp:delayhlp.obj
 0004:00002508       $pdata$?DloadProtectSection@@YAXKPEAK@Z 0000000180055508     DelayImp:delayhlp.obj
 0004:00002514       $pdata$?DloadReleaseSectionWriteAccess@@YAXXZ 0000000180055514     DelayImp:delayhlp.obj
 0004:00002520       $pdata$__delayLoadHelper2  0000000180055520     DelayImp:delayhlp.obj
 0004:0000252c       $pdata$_IsNonwritableInCurrentImage 000000018005552c     LIBCMT:pesect.obj
 0004:00002538       $pdata$strrchr             0000000180055538     libvcruntime:strrchr.obj
 0004:00002544       $pdata$acos                0000000180055544     libucrt:acos.obj
 0004:00002550       $pdata$acosf               0000000180055550     libucrt:acosf.obj
 0004:0000255c       $pdata$fmodf               000000018005555c     libucrt:fmodf.obj
 0004:00002568       $pdata$sqrtf               0000000180055568     libucrt:sqrtf.obj
 0004:00002598       $pdata$_sincos_special     0000000180055598     libucrt:sincos_special.obj
 0004:00002634       $pdata$?dtor$0@?0??New@ImageBackend@@SAXAEBV?$FunctionCallbackInfo@VValue@v8@@@Nan@@@Z@4HA 0000000180055634     ImageBackend.obj
 0004:00002640       $pdata$?dtor$0@?0??New@PdfBackend@@SAXAEBV?$FunctionCallbackInfo@VValue@v8@@@Nan@@@Z@4HA 0000000180055640     PdfBackend.obj
 0004:00002640       $pdata$?dtor$0@?0??New@SvgBackend@@SAXAEBV?$FunctionCallbackInfo@VValue@v8@@@Nan@@@Z@4HA 0000000180055640     SvgBackend.obj
 0004:0000264c       $pdata$?dtor$1@?0??New@Canvas@@SAXAEBV?$FunctionCallbackInfo@VValue@v8@@@Nan@@@Z@4HA 000000018005564c     Canvas.obj
 0004:00002658       $pdata$?dtor$3@?0??New@Canvas@@SAXAEBV?$FunctionCallbackInfo@VValue@v8@@@Nan@@@Z@4HA 0000000180055658     Canvas.obj
 0004:00002664       $pdata$?dtor$4@?0??New@Canvas@@SAXAEBV?$FunctionCallbackInfo@VValue@v8@@@Nan@@@Z@4HA 0000000180055664     Canvas.obj
 0004:00002670       $pdata$?dtor$5@?0??New@Canvas@@SAXAEBV?$FunctionCallbackInfo@VValue@v8@@@Nan@@@Z@4HA 0000000180055670     Canvas.obj
 0004:0000267c       $pdata$?dtor$6@?0??New@Canvas@@SAXAEBV?$FunctionCallbackInfo@VValue@v8@@@Nan@@@Z@4HA 000000018005567c     Canvas.obj
 0004:00002688       $pdata$?dtor$1@?0??ToBuffer@Canvas@@SAXAEBV?$FunctionCallbackInfo@VValue@v8@@@Nan@@@Z@4HA 0000000180055688     Canvas.obj
 0004:00002694       $pdata$?dtor$0@?0??New@Gradient@@SAXAEBV?$FunctionCallbackInfo@VValue@v8@@@Nan@@@Z@4HA 0000000180055694     CanvasGradient.obj
 0004:000026a0       $pdata$?dtor$1@?0??New@Gradient@@SAXAEBV?$FunctionCallbackInfo@VValue@v8@@@Nan@@@Z@4HA 00000001800556a0     CanvasGradient.obj
 0004:000026ac       $pdata$?dtor$2@?0??New@Context2d@@SAXAEBV?$FunctionCallbackInfo@VValue@v8@@@Nan@@@Z@4HA 00000001800556ac     CanvasRenderingContext2d.obj
 0004:000026b8       $pdata$__scrt_is_nonwritable_in_current_image$filt$0 00000001800556b8     LIBCMT:utility.obj
 0004:000026c4       $pdata$?fin$0@?0??dllmain_crt_process_attach@@YAHQEAUHINSTANCE__@@QEAX@Z@4HA 00000001800556c4     LIBCMT:dll_dllmain.obj
 0004:000026d0       $pdata$?fin$0@?0??dllmain_crt_process_detach@@YAH_N@Z@4HA 00000001800556d0     LIBCMT:dll_dllmain.obj
 0004:000026dc       $pdata$?filt$0@?0??dllmain_dispatch@@YAHQEAUHINSTANCE__@@KQEAX@Z@4HA 00000001800556dc     LIBCMT:dll_dllmain.obj
 0004:000026e8       $pdata$_CallSETranslator$filt$0 00000001800556e8     libvcruntime:risctrnsctrl.obj
 0004:000026f4       $pdata$__DestructExceptionObject$filt$0 00000001800556f4     libvcruntime:ehhelpers.obj
 0004:00002700       $pdata$__CxxCallCatchBlock$filt$0 0000000180055700     libvcruntime:frame.obj
 0004:0000270c       $pdata$__CxxCallCatchBlock$fin$1 000000018005570c     libvcruntime:frame.obj
 0004:00002718       $pdata$__FrameUnwindToState$filt$0 0000000180055718     libvcruntime:frame.obj
 0004:00002724       $pdata$__FrameUnwindToState$fin$1 0000000180055724     libvcruntime:frame.obj
 0004:00002730       $pdata$?fin$0@?0???$common_fsopen@D@@YAPEAU_iobuf@@QEBD0H@Z@4HA 0000000180055730     libucrt:fopen.obj
 0004:0000273c       $pdata$?fin$0@?0???$common_ftell@J@@YAJV__crt_stdio_stream@@@Z@4HA 000000018005573c     libucrt:ftell.obj
 0004:0000273c       $pdata$fclose$fin$0        000000018005573c     libucrt:fclose.obj
 0004:0000273c       $pdata$?fin$0@?0??common_fseek@@YAHV__crt_stdio_stream@@_JH@Z@4HA 000000018005573c     libucrt:fseek.obj
 0004:00002748       $pdata$fread_s$fin$0       0000000180055748     libucrt:fread.obj
 0004:00002754       $pdata$_query_new_handler$fin$0 0000000180055754     libucrt:new_handler.obj
 0004:00002760       $pdata$?filt$0@?0???R<lambda_6e4b09c48022b2350581041d5f6b0c4c>@@QEBA@XZ@4HA 0000000180055760     libucrt:exit.obj
 0004:0000276c       $pdata$?fin$0@?0???$?RV<lambda_2d41944a1d46af3157314b8a01080d33>@@AEAV<lambda_8f455de75cd7d7f24b4096f044d8b9e6>@@V<lambda_aa500f224e6afead328df44964fe2772>@@@?$__crt_seh_guarded_call@X@@QEAAX$$QEAV<lambda_2d41944a1d46af3157314b8a01080d33>@@AEAV<lambda_8f455de75cd7d7f24b4096f044d8b9e6>@@$$QEAV<lambda_aa500f224e6afead328df44964fe2772>@@@Z@4HA 000000018005576c     libucrt:per_thread_data.obj
 0004:0000276c       $pdata$?fin$0@?0???$?RV<lambda_f2e299630e499de9f9a165e60fcd3db5>@@AEAV<lambda_2ae9d31cdba2644fcbeaf08da7c24588>@@V<lambda_40d01ff24d0e7b3814fdbdcee8eab3c7>@@@?$__crt_seh_guarded_call@X@@QEAAX$$QEAV<lambda_f2e299630e499de9f9a165e60fcd3db5>@@AEAV<lambda_2ae9d31cdba2644fcbeaf08da7c24588>@@$$QEAV<lambda_40d01ff24d0e7b3814fdbdcee8eab3c7>@@@Z@4HA 000000018005576c     libucrt:per_thread_data.obj
 0004:0000276c       $pdata$?fin$0@?0???$?RV<lambda_efdfa57d1f175319df784efa44bb7b81>@@AEAV<lambda_5f0a4c1567f8adc6734073e5d1e1b35c>@@V<lambda_2e8a7d3640ea6ccb4c2413664c2db6fd>@@@?$__crt_seh_guarded_call@X@@QEAAX$$QEAV<lambda_efdfa57d1f175319df784efa44bb7b81>@@AEAV<lambda_5f0a4c1567f8adc6734073e5d1e1b35c>@@$$QEAV<lambda_2e8a7d3640ea6ccb4c2413664c2db6fd>@@@Z@4HA 000000018005576c     libucrt:mbctype.obj
 0004:0000276c       $pdata$?fin$0@?0???$?RV<lambda_8369fcb7c4df1e85de37618bd2b85f07>@@AEAV<lambda_a10e4b102d4a2c3aac6f4f48bbdf488f>@@V<lambda_5b7707bd6d7a0c4713179f36c7fd995d>@@@?$__crt_seh_guarded_call@H@@QEAAH$$QEAV<lambda_8369fcb7c4df1e85de37618bd2b85f07>@@AEAV<lambda_a10e4b102d4a2c3aac6f4f48bbdf488f>@@$$QEAV<lambda_5b7707bd6d7a0c4713179f36c7fd995d>@@@Z@4HA 000000018005576c     libucrt:onexit.obj
 0004:0000276c       $pdata$?fin$0@?0???$?RV<lambda_450d765d439847d4c735a33c368b5fc0>@@AEAV<lambda_44731a7d0e6d81c3e6aa82d741081786>@@V<lambda_601a2a7da3b7a96e9554ac7215c4b07c>@@@?$__crt_seh_guarded_call@P6AXH@Z@@QEAAP6AXH@Z$$QEAV<lambda_450d765d439847d4c735a33c368b5fc0>@@AEAV<lambda_44731a7d0e6d81c3e6aa82d741081786>@@$$QEAV<lambda_601a2a7da3b7a96e9554ac7215c4b07c>@@@Z@4HA 000000018005576c     libucrt:signal.obj
 0004:0000276c       $pdata$?fin$0@?0???$?RV<lambda_aa87e3671a710a21b5dc78c0bdf72e11>@@AEAV<lambda_92619d2358a28f41a33ba319515a20b9>@@V<lambda_6992ecaafeb10aed2b74cb1fae11a551>@@@?$__crt_seh_guarded_call@X@@QEAAX$$QEAV<lambda_aa87e3671a710a21b5dc78c0bdf72e11>@@AEAV<lambda_92619d2358a28f41a33ba319515a20b9>@@$$QEAV<lambda_6992ecaafeb10aed2b74cb1fae11a551>@@@Z@4HA 000000018005576c     libucrt:per_thread_data.obj
 0004:0000276c       $pdata$?fin$0@?0???$?RV<lambda_0ae27a3a962d80f24befdcbee591983d>@@AEAV<lambda_8d0ee55de4b1038c4002e0adecdf1839>@@V<lambda_dc504788e8f1664fe9b84e20bfb512f2>@@@?$__crt_seh_guarded_call@X@@QEAAX$$QEAV<lambda_0ae27a3a962d80f24befdcbee591983d>@@AEAV<lambda_8d0ee55de4b1038c4002e0adecdf1839>@@$$QEAV<lambda_dc504788e8f1664fe9b84e20bfb512f2>@@@Z@4HA 000000018005576c     libucrt:per_thread_data.obj
 0004:0000276c       $pdata$?fin$0@?0???$?RV<lambda_d80eeec6fff315bfe5c115232f3240e3>@@AEAV<lambda_6e4b09c48022b2350581041d5f6b0c4c>@@V<lambda_2358e3775559c9db80273638284d5e45>@@@?$__crt_seh_guarded_call@X@@QEAAX$$QEAV<lambda_d80eeec6fff315bfe5c115232f3240e3>@@AEAV<lambda_6e4b09c48022b2350581041d5f6b0c4c>@@$$QEAV<lambda_2358e3775559c9db80273638284d5e45>@@@Z@4HA 000000018005576c     libucrt:exit.obj
 0004:0000276c       $pdata$?fin$0@?0???$?RV<lambda_7777bce6b2f8c936911f934f8298dc43>@@AEAV<lambda_f03950bc5685219e0bcd2087efbe011e>@@V<lambda_3883c3dff614d5e0c5f61bb1ac94921c>@@@?$__crt_seh_guarded_call@H@@QEAAH$$QEAV<lambda_7777bce6b2f8c936911f934f8298dc43>@@AEAV<lambda_f03950bc5685219e0bcd2087efbe011e>@@$$QEAV<lambda_3883c3dff614d5e0c5f61bb1ac94921c>@@@Z@4HA 000000018005576c     libucrt:onexit.obj
 0004:00002778       $pdata$raise$fin$0         0000000180055778     libucrt:signal.obj
 0004:00002784       $pdata$?fin$0@?0???$?RV<lambda_842d9ff0dc9ef11c61343bbaebe7f885>@@AEAV<lambda_c5860995281e5c4ce005b3de8f5874ee>@@V<lambda_d90129c13df834fdcbf8d2b88dafcf2d>@@@?$__crt_seh_guarded_call@X@@QEAAX$$QEAV<lambda_842d9ff0dc9ef11c61343bbaebe7f885>@@AEAV<lambda_c5860995281e5c4ce005b3de8f5874ee>@@$$QEAV<lambda_d90129c13df834fdcbf8d2b88dafcf2d>@@@Z@4HA 0000000180055784     libucrt:fflush.obj
 0004:00002784       $pdata$?fin$0@?0???$?RV<lambda_0d412022a4b28cc8a401ea49574e8ae6>@@AEAV<lambda_a775ed57af18ba8e4d5dc780aa9068fe>@@V<lambda_975a71a6baa488a08f4e15f6b0339b9e>@@@?$__crt_seh_guarded_call@H@@QEAAH$$QEAV<lambda_0d412022a4b28cc8a401ea49574e8ae6>@@AEAV<lambda_a775ed57af18ba8e4d5dc780aa9068fe>@@$$QEAV<lambda_975a71a6baa488a08f4e15f6b0339b9e>@@@Z@4HA 0000000180055784     libucrt:output.obj
 0004:00002784       $pdata$?fin$0@?0???$?RV<lambda_c376a267cfb53b6959b3b692ec76b120>@@AEAV<lambda_9a32fed5bf61b6b509b2d3f6003082a1>@@V<lambda_572fbb9fa0ab338edf41edfd4b5fcc8d>@@@?$__crt_seh_guarded_call@H@@QEAAH$$QEAV<lambda_c376a267cfb53b6959b3b692ec76b120>@@AEAV<lambda_9a32fed5bf61b6b509b2d3f6003082a1>@@$$QEAV<lambda_572fbb9fa0ab338edf41edfd4b5fcc8d>@@@Z@4HA 0000000180055784     libucrt:fflush.obj
 0004:00002784       $pdata$?fin$0@?0???$?RV<lambda_84ec643ea9557e2f7dc01bb0e9624395>@@AEAV<lambda_ca71763b3c0644891230e4f79ea54fa6>@@V<lambda_439a761618c59b0600e24586724d733b>@@@?$__crt_seh_guarded_call@H@@QEAAH$$QEAV<lambda_84ec643ea9557e2f7dc01bb0e9624395>@@AEAV<lambda_ca71763b3c0644891230e4f79ea54fa6>@@$$QEAV<lambda_439a761618c59b0600e24586724d733b>@@@Z@4HA 0000000180055784     libucrt:setvbuf.obj
 0004:00002790       $pdata$?fin$0@?0???$?RV<lambda_886d6c58226a84441f68b9f2b8217b83>@@AEAV<lambda_ab61a845afdef5b7c387490eaf3616ee>@@V<lambda_f7f22ab5edc0698d5f6905b0d3f44752>@@@?$__crt_seh_guarded_call@X@@QEAAX$$QEAV<lambda_886d6c58226a84441f68b9f2b8217b83>@@AEAV<lambda_ab61a845afdef5b7c387490eaf3616ee>@@$$QEAV<lambda_f7f22ab5edc0698d5f6905b0d3f44752>@@@Z@4HA 0000000180055790     libucrt:fflush.obj
 0004:0000279c       $pdata$_fcloseall$fin$0    000000018005579c     libucrt:closeall.obj
 0004:0000279c       $pdata$?fin$0@?0??__acrt_stdio_allocate_stream@@YA?AV__crt_stdio_stream@@XZ@4HA 000000018005579c     libucrt:stream.obj
 0004:000027a8       $pdata$__acrt_initialize_lowio$fin$0 00000001800557a8     libucrt:ioinit.obj
 0004:000027a8       $pdata$_alloc_osfhnd$fin$0 00000001800557a8     libucrt:osfinfo.obj
 0004:000027a8       $pdata$__acrt_lowio_ensure_fh_exists$fin$0 00000001800557a8     libucrt:osfinfo.obj
 0004:000027b4       $pdata$?fin$0@?0???$?RV<lambda_410d79af7f07d98d83a3f525b3859a53>@@AEAV<lambda_3e16ef9562a7dcce91392c22ab16ea36>@@V<lambda_38119f0e861e05405d8a144b9b982f0a>@@@?$__crt_seh_guarded_call@X@@QEAAX$$QEAV<lambda_410d79af7f07d98d83a3f525b3859a53>@@AEAV<lambda_3e16ef9562a7dcce91392c22ab16ea36>@@$$QEAV<lambda_38119f0e861e05405d8a144b9b982f0a>@@@Z@4HA 00000001800557b4     libucrt:wsetlocale.obj
 0004:000027c0       $pdata$?fin$0@?0???$common_lseek@_J@@YA_JH_JH@Z@4HA 00000001800557c0     libucrt:lseek.obj
 0004:000027c0       $pdata$_write$fin$0        00000001800557c0     libucrt:write.obj
 0004:000027cc       $pdata$_read$fin$0         00000001800557cc     libucrt:read.obj
 0004:000027d8       $pdata$?fin$0@?0???$?RV<lambda_a37b2b86f63e897a80ea819b0eb08c01>@@AEAV<lambda_38ce7e780aa69e748d6df282ebc68efe>@@V<lambda_99fb1378e971ab6e7edea83e3a7a83a2>@@@?$__crt_seh_guarded_call@H@@QEAAH$$QEAV<lambda_a37b2b86f63e897a80ea819b0eb08c01>@@AEAV<lambda_38ce7e780aa69e748d6df282ebc68efe>@@$$QEAV<lambda_99fb1378e971ab6e7edea83e3a7a83a2>@@@Z@4HA 00000001800557d8     libucrt:commit.obj
 0004:000027d8       $pdata$?fin$0@?0???$?RV<lambda_751a882b2c74d4b022dec766aa51a29a>@@AEAV<lambda_628dfdc04ba53c8bfc02c9951375f3f5>@@V<lambda_f6c7be5f7998530c34de24c7437d6b54>@@@?$__crt_seh_guarded_call@H@@QEAAH$$QEAV<lambda_751a882b2c74d4b022dec766aa51a29a>@@AEAV<lambda_628dfdc04ba53c8bfc02c9951375f3f5>@@$$QEAV<lambda_f6c7be5f7998530c34de24c7437d6b54>@@@Z@4HA 00000001800557d8     libucrt:close.obj
 0004:000027e4       $pdata$_ctrlfp$filt$0      00000001800557e4     libucrt:fpctrl.obj
 0004:000027f0       $pdata$?fin$0@?0??update_thread_multibyte_data_internal@@YAPEAU__crt_multibyte_data@@QEAU__acrt_ptd@@QEAPEAU1@@Z@4HA 00000001800557f0     libucrt:mbctype.obj
 0004:000027fc       $pdata$__acrt_update_thread_locale_data$fin$0 00000001800557fc     libucrt:locale_refcounting.obj
 0004:00002808       $pdata$?fin$0@?0???$common_sopen_dispatch@D@@YAHQEBDHHHQEAHH@Z@4HA 0000000180055808     libucrt:open.obj
 0004:00002814       $pdata$_IsNonwritableInCurrentImage$filt$0 0000000180055814     LIBCMT:pesect.obj
 0004:00002820       $pdata$??__F?constructor@ImageBackend@@2V?$Persistent@VFunctionTemplate@v8@@V?$NonCopyablePersistentTraits@VFunctionTemplate@v8@@@2@@Nan@@A@@YAXXZ 0000000180055820     ImageBackend.obj
 0004:0000282c       $pdata$??__F?constructor@PdfBackend@@2V?$Persistent@VFunctionTemplate@v8@@V?$NonCopyablePersistentTraits@VFunctionTemplate@v8@@@2@@Nan@@A@@YAXXZ 000000018005582c     PdfBackend.obj
 0004:00002838       $pdata$??__F?constructor@SvgBackend@@2V?$Persistent@VFunctionTemplate@v8@@V?$NonCopyablePersistentTraits@VFunctionTemplate@v8@@@2@@Nan@@A@@YAXXZ 0000000180055838     SvgBackend.obj
 0004:00002844       $pdata$??__F?constructor@Canvas@@2V?$Persistent@VFunctionTemplate@v8@@V?$NonCopyablePersistentTraits@VFunctionTemplate@v8@@@2@@Nan@@A@@YAXXZ 0000000180055844     Canvas.obj
 0004:00002850       $pdata$??__F?constructor@Gradient@@2V?$Persistent@VFunctionTemplate@v8@@V?$NonCopyablePersistentTraits@VFunctionTemplate@v8@@@2@@Nan@@A@@YAXXZ 0000000180055850     CanvasGradient.obj
 0004:0000285c       $pdata$??__F?constructor@Pattern@@2V?$Persistent@VFunctionTemplate@v8@@V?$NonCopyablePersistentTraits@VFunctionTemplate@v8@@@2@@Nan@@A@@YAXXZ 000000018005585c     CanvasPattern.obj
 0004:00002868       $pdata$??__F?constructor@Context2d@@2V?$Persistent@VFunctionTemplate@v8@@V?$NonCopyablePersistentTraits@VFunctionTemplate@v8@@@2@@Nan@@A@@YAXXZ 0000000180055868     CanvasRenderingContext2d.obj
 0004:00002874       $pdata$??__F?constructor@Image@@2V?$Persistent@VFunctionTemplate@v8@@V?$NonCopyablePersistentTraits@VFunctionTemplate@v8@@@2@@Nan@@A@@YAXXZ 0000000180055874     Image.obj
 0004:00002880       $pdata$??__F?constructor@ImageData@@2V?$Persistent@VFunctionTemplate@v8@@V?$NonCopyablePersistentTraits@VFunctionTemplate@v8@@@2@@Nan@@A@@YAXXZ 0000000180055880     ImageData.obj
 0004:0000288c       $pdata$??__F_Fac_tidy_reg@std@@YAXXZ 000000018005588c     libcpmt:locale0.obj
 0004:00002898       $pdata$??__Fclassic_locale@std@@YAXXZ 0000000180055898     libcpmt:locale0.obj
 0004:000028a4       $pdata$??__Finit_atexit@@YAXXZ 00000001800558a4     libcpmt:iosptrs.obj
 0005:00000060       $R000000                   0000000180056060     * linker generated manifest res *

 Exports

  ordinal    name

        1    _register_canvas_
